Archive member included because of file (symbol)

.\libandessta.a(xip_ovly.o)   obj/sta/rtmp_data_pub.o (overlayunload)
.\libandessta.a(cnm_timer.o)  obj/sta/iot_custom.o (cnmTimerInitTimer)
.\libandessta.a(iot_io_cmd.o)
                              obj/sta/iot_custom.o (iot_gpio_output)
.\libandessta.a(iot_mgmt_cmd.o)
                              obj/sta/iot_at_cmd.o (iot_linkdown)
.\libandessta.a(queue.o)      obj/sta/iot_uplink.o (apiQU_Dequeue)
.\libandessta.a(app_nos_main.o)
                              .\libandessta.a(iot_mgmt_cmd.o) (pAd)
.\libandessta.a(assoc.o)      obj/sta/rtmp_data_pub.o (PeerDisassocAction)
.\libandessta.a(auth.o)       obj/sta/rtmp_data_pub.o (MlmeAuthProcess)
.\libandessta.a(chip_init.o)  obj/sta/iot_at_cmd.o (iot_sys_reboot)
.\libandessta.a(cmm_wpa.o)    obj/sta/rtmp_data_pub.o (WpaEAPOLKeyAction)
.\libandessta.a(crypt_aes.o)  .\libandessta.a(cmm_wpa.o) (aes_key_unwrap)
.\libandessta.a(crypt_hmac.o)
                              .\libandessta.a(cmm_wpa.o) (RT_HMAC_MD5)
.\libandessta.a(rtmp_data.o)  obj/sta/rtmp_data_pub.o (g_tx_pkt_id)
.\libandessta.a(rtmp_general.o)
                              obj/sta/rtmp_data_pub.o (RTMPZeroMemory)
.\libandessta.a(scan.o)       obj/sta/mt7681_ChSw_pub.o (rtmp_mac_set_ctrlch)
.\libandessta.a(smtcn.o)      obj/sta/iot_custom.o (SMTCN_state_chg_init)
.\libandessta.a(wow.o)        .\libandessta.a(chip_init.o) (RTMP_EnableTxRx)
.\libandessta.a(bsp.o)        obj/sta/main_pub.o (bsp_init)
.\libandessta.a(ee_efuse.o)   .\libandessta.a(chip_init.o) (eEp_init)
.\libandessta.a(fce.o)        .\libandessta.a(app_nos_main.o) (drvFCE_RegisterIntHdlr)
.\libandessta.a(pdma.o)       .\libandessta.a(app_nos_main.o) (PdmaVrPortIntHdlr)
.\libandessta.a(spi-flash.o)  obj/sta/spi-flash_pub.o (SPI_REG8)
.\libandessta.a(timer.o)      .\libandessta.a(bsp.o) (drvTMR_Init)
.\libandessta.a(uart.o)       obj/sta/iot_uart_rb.o (UART_PutUARTByte)
.\libandessta.a(uartlite.o)   obj/sta/iot_xmodem.o (UART_PutChar)
.\libandessta.a(main.o)       obj/sta/main_pub.o (iot_sys_init)
.\libandessta.a(xcpt.o)       cust/ctxsw.o (sysXCPT_XcptHdlr)
.\libandessta.a(initial.o)    obj/sta/main_pub.o (sysKernelStart)
.\libandessta.a(mutex.o)      .\libandessta.a(queue.o) (SYSirq_Disable_Interrupts_Save_Flags)
.\libandessta.a(stack.o)      .\libandessta.a(main.o) (sysStack)
.\libandessta.a(task.o)       cust/ctxsw.o (sysTaskingCtl)
.\libandessta.a(list.o)       .\libandessta.a(queue.o) (apiInitListEntry)
.\libandessta.a(random.o)     .\libandessta.a(cmm_wpa.o) (apiRand)
.\libandessta.a(do_printf.o)  obj/sta/printf.o (do_printf)
.\libandessta.a(fputs.o)      obj/sta/printf.o (putchar)
.\libandessta.a(strcmp.o)     obj/sta/iot_at_cmd_utility.o (strcmp)
.\libandessta.a(strcpy.o)     obj/sta/tcpip/cloudclient.o (strncpy)
.\libandessta.a(strlen.o)     obj/sta/iot_at_cmd.o (strlen)
.\libandessta.a(vsprintf.o)   obj/sta/tcpip/cloudclient.o (simple_strtoul)
.\libandessta.a(mcuctl.o)     .\libandessta.a(uart.o) (drvMCUCTL_RegisterIntHdlr)
.\libandessta.a(mt7681_ChSw.o)
                              .\libandessta.a(chip_init.o) (RF_WRITE8)
.\libandessta.a(wifi_ps.o)    .\libandessta.a(main.o) (drvPBF_IntHdler)
.\libandessta.a(wifi_task.o)  obj/sta/wifi_task_pub.o (iot_get_queue_info)
.\libandessta.a(ate.o)        .\libandessta.a(chip_init.o) (set_ate_efuse_read)
.\libandessta.a(cmm_wep.o)    .\libandessta.a(cmm_wpa.o) (AsicUpdateRxWCIDTable)
.\libandessta.a(led.o)        .\libandessta.a(main.o) (drvGPIO_IntHdler)
.\libandessta.a(syscall.o)    .\libandessta.a(task.o) (sysCALL)
.\libandessta.a(ctype.o)      .\libandessta.a(vsprintf.o) (_ctype)

Allocating common symbols
Common symbol       size              file

udp_app_state       0x10              obj/sta/tcpip/iot_udp_app.o
arp_timer           0x8               obj/sta/tcpip/tcpip_main.o
System_Timer_Pool   0x14              .\libandessta.a(timer.o)
CIPTER              0x100             obj/sta/iot_aes_pub.o
IoTCustOp           0x20              obj/sta/iot_custom.o
MT7681_FOTAInfo     0x65              obj/sta/tcpip/cloudclient.o
uip_acc32           0x4               obj/sta/tcpip/uip.o
IoTCustTimer        0x1c              obj/sta/iot_custom.o
sysTaskingCtl       0x34              .\libandessta.a(task.o)
uart_rb_info        0xc               obj/sta/iot_uart_rb.o
periodic_timer      0x8               obj/sta/tcpip/tcpip_main.o
Free_Timer_List     0x10              .\libandessta.a(timer.o)
mt76xx_Connection   0x1a              obj/sta/tcpip/cloudclient.o
IoTpAd              0x18c             obj/sta/iot_custom.o
FOTA_DigestMessage  0x10              obj/sta/tcpip/cloudclient.o
AdvPSMode           0x14              .\libandessta.a(wifi_ps.o)
eepcfg              0x41              .\libandessta.a(chip_init.o)
PLAIN2              0x100             obj/sta/iot_aes_pub.o
uip_conns           0xf18             obj/sta/tcpip/uip.o
[...]
Memory Configuration

Name             Origin             Length             Attributes
SRAM             0x00000000         0x00010000         axw
ROM              0x00102000         0x00002000         axr
FLASH            0x00500000         0x00100000         axr
FLASH_XIP_STA    0x00530000         0x0000f000         axr
FLASH_OVERLAY_STA 0x0053f000         0x0000f000         axr
*default*        0x00000000         0xffffffff

Linker script and memory map

                0x00102d48                ARC4_Compute = 0x102d48
                0x00103e98                RT_MD5 = 0x103e98
                0x00102de0                RT_SHA1_Hash = 0x102de0
                0x0010252c                aes_mul_e = 0x10252c
                0x001026a4                memmove = 0x1026a4
                0x00103e54                RT_MD5_Init = 0x103e54
                0x0010242c                aes_mul_d = 0x10242c
                0x0010262c                SHA1_K = 0x10262c
                0x001026f0                memcpy = 0x1026f0
                0x00103d48                RT_MD5_End = 0x103d48
                0x0010263c                SHA1_DefaultHashValue = 0x10263c
                0x00103dc0                RT_MD5_Append = 0x103dc0
                0x001031bc                RT_SHA1 = 0x1031bc
                0x001027a0                RT_AES_KeyExpansion = 0x1027a0
                0x00102000                ROMBA = 0x102000
                0x00102cf0                ARC4_INIT = 0x102cf0
                0x00102fd8                RT_SHA1_End = 0x102fd8
                0x00102000                _SDA_BASE_ = 0x102000
                0x001026d4                memcmp = 0x1026d4
                0x0010271c                TKIP_GTK_KEY_WRAP = 0x10271c
                0x00102708                memset = 0x102708
                0x0010202c                aes_sbox_enc = 0x10202c
                0x00102650                MD5_DefaultHashValue = 0x102650
                0x0010222c                aes_mul_9 = 0x10222c
                0x00103178                RT_SHA1_Init = 0x103178
                0x00103ffe                ROMVersion = 0x103ffe
                0x001028ac                RT_AES_Decrypt = 0x1028ac
                0x00102000                aes_rcon = 0x102000
                0x001030e4                RT_SHA1_Append = 0x1030e4
                0x0010232c                aes_mul_b = 0x10232c
                0x00102660                strspn = 0x102660
                0x0010278c                TKIP_GTK_KEY_UNWRAP = 0x10278c
                0x00102da8                ARC4_Discard_KeyLength = 0x102da8
                0x001031fc                RT_MD5_Hash = 0x1031fc
                0x0010212c                aes_sbox_dec = 0x10212c
                0x00102684                strpbrk = 0x102684
                0x00102000                ROM_BASEADDR = 0x102000
                0x00002000                ROM_SIZE = 0x2000
                0x00102000                PROVIDE (_ROM_BASEADDR, ROM_BASEADDR)
                0x00002000                PROVIDE (_ROM_SIZE, ROM_SIZE)
                0x00000000                RAM_BASEADDR = 0x0
                0x00010000                RAM_SIZE = 0x10000
                0x00000000                PROVIDE (_RAM_BASEADDR, RAM_BASEADDR)
                0x00010000                PROVIDE (_RAM_SIZE, RAM_SIZE)
                0x00008000                HALF_SRAM_SIZE = 0x8000
                0x00000000                ILMBA = 0x0
                0x00008000                DLMBA = (0x0 + HALF_SRAM_SIZE)
                0x00102000                ROMBA = 0x102000
                0x00500000                FLASHBA = 0x500000
                0x00000000                PROVIDE (_ILMBA, ILMBA)
                0x00008000                PROVIDE (_DLMBA, DLMBA)
                0x0000ff00                STACK_ORIGIN = 0xff00
                0x00000000                GLOBAL_ORIGIN = ILMBA
                0x0000ff00                PROVIDE (_STACK_ORIGIN, STACK_ORIGIN)
                0x00000000                PROVIDE (_GLOBAL_ORIGIN, GLOBAL_ORIGIN)
                0x00000000                __ilm_start = .
                0x00000000                VECT_SECT_VMA = RAM_BASEADDR

.VECT           0x00000000       0x40
 *(.vector)
 .vector        0x00000000       0x40 cust/vectors.o
                0x00000000                _xcpt_vctr
                0x00000040                . = ALIGN (0x10)
                0x00000040                TEXT_SECT_VMA = .

.TEXT           0x00000040     0x59e4
 *(.Xcpt)
 .Xcpt          0x00000040        0x8 cust/ctxsw.o
                0x00000040                sysXcpt
 *(.ctxsw)
 .ctxsw         0x00000048       0x5c cust/ctxsw.o
                0x00000078                sysLoadCtx
                0x00000048                sysCtxSw
 *(.startup)
 .startup       0x000000a4       0x68 cust/startup.o
                0x000000a4                _startup
 *(.text)
 *(.text.*)
 .text.reflect  0x0000010c       0x34 obj/sta/crypt_crc.o
                0x0000010c                reflect
 .text.crc32    0x00000140       0x68 obj/sta/crypt_crc.o
                0x00000140                crc32
 .text.aes_cbc_decrypt
                0x000001a8       0xd0 obj/sta/iot_aes_pub.o
                0x000001a8                aes_cbc_decrypt
 .text.aes_cbc_encrypt
                0x00000278      0x1f0 obj/sta/iot_aes_pub.o
                0x00000278                aes_cbc_encrypt
 .text.strchr   0x00000468       0x20 obj/sta/iot_at_cmd_utility.o
                0x00000468                strchr
 .text.split_string_cmd
                0x00000488       0x5c obj/sta/iot_at_cmd_utility.o
                0x00000488                split_string_cmd
 .text.getopt   0x000004e4      0x168 obj/sta/iot_at_cmd_utility.o
                0x000004e4                getopt
 .text.iot_cust_subtask1
                0x0000064c        0x4 obj/sta/iot_custom.o
                0x0000064c                iot_cust_subtask1
 .text.iot_cust_hwtimer1_hdlr
                0x00000650        0x4 obj/sta/iot_custom.o
                0x00000650                iot_cust_hwtimer1_hdlr
 .text.iot_cust_hwtimer1_tick
                0x00000654        0x4 obj/sta/iot_custom.o
                0x00000654                iot_cust_hwtimer1_tick
 .text.iot_cust_gpiint_hdlr
                0x00000658       0x9c obj/sta/iot_custom.o
                0x00000658                iot_cust_gpiint_hdlr
 .text.reset_sta_cfg
                0x000006f4       0x20 obj/sta/iot_custom.o
                0x000006f4                reset_sta_cfg
 .text.pre_init_cfg
                0x00000714       0x64 obj/sta/iot_custom.o
                0x00000714                pre_init_cfg
 .text.iot_cust_timer0_timeout_actioin
                0x00000778       0x24 obj/sta/iot_custom.o
                0x00000778                iot_cust_timer0_timeout_actioin
 .text.cust_app_init
                0x0000079c       0x90 obj/sta/iot_custom.o
                0x0000079c                cust_app_init
 .text.cust_subtask
                0x0000082c       0x24 obj/sta/iot_custom.o
                0x0000082c                cust_subtask
 .text.iot_app_proc_pkt
                0x00000850       0xfc obj/sta/iot_parse.o
                0x00000850                iot_app_proc_pkt
 .text.uart_rxbuf_init
                0x0000094c       0x24 obj/sta/iot_uart_rb.o
                0x0000094c                uart_rxbuf_init
 .text.uart_tx_cb
                0x00000970        0x4 obj/sta/iot_uart_rb.o
                0x00000970                uart_tx_cb
 .text.uart_rb_init
                0x00000974       0x20 obj/sta/iot_uart_rb.o
                0x00000974                uart_rb_init
 .text.uart_rb_pop
                0x00000994       0x24 obj/sta/iot_uart_rb.o
                0x00000994                uart_rb_pop
 .text.uart_rb_push
                0x000009b8       0x24 obj/sta/iot_uart_rb.o
                0x000009b8                uart_rb_push
 .text.uart_get_avail
                0x000009dc       0x1c obj/sta/iot_uart_rb.o
                0x000009dc                uart_get_avail
 .text.uart_rx_dispatch
                0x000009f8       0xd8 obj/sta/iot_uart_rb.o
                0x000009f8                uart_rx_dispatch
 .text.uart_get_byte
                0x00000ad0       0x3c obj/sta/iot_uart_rb.o
                0x00000ad0                uart_get_byte
 .text.uart_rx_cb
                0x00000b0c      0x1cc obj/sta/iot_uart_rb.o
                0x00000b0c                uart_rx_cb
 .text.uart_put_bytes
                0x00000cd8      0x100 obj/sta/iot_uart_rb.o
                0x00000cd8                uart_put_bytes
 .text.iot_uart_output
                0x00000dd8       0x48 obj/sta/iot_uart_rb.o
                0x00000dd8                iot_uart_output
 .text.iot_cksum
                0x00000e20       0x40 obj/sta/iot_uplink.o
                0x00000e20                iot_cksum
 .text.main     0x00000e60       0x84 obj/sta/main_pub.o
                0x00000e60                main
 .text.DelayTick
                0x00000ee4        0xc obj/sta/misc_pub.o
                0x00000ee4                DelayTick
 .text.usecDelay
                0x00000ef0       0x4c obj/sta/misc_pub.o
                0x00000ef0                usecDelay
 .text.msecDelay
                0x00000f3c       0x54 obj/sta/misc_pub.o
                0x00000f3c                msecDelay
 .text.vsprintf_help
                0x00000f90        0xc obj/sta/printf.o
 .text.vprintf  0x00000f9c       0x24 obj/sta/printf.o
                0x00000f9c                vprintf
 .text.printf_high
                0x00000fc0       0x34 obj/sta/printf.o
                0x00000fc0                printf_high
 .text.vsprintf
                0x00000ff4       0x2c obj/sta/printf.o
                0x00000ff4                vsprintf
 .text.sprintf  0x00001020       0x24 obj/sta/printf.o
                0x00001020                sprintf
 .text.vprintf_help
                0x00001044       0x1c obj/sta/printf.o
 .text.RTMPCheckRxError
                0x00001060       0x14 obj/sta/rtmp_data_pub.o
                0x00001060                RTMPCheckRxError
 .text.get_cent_ch_by_htinfo
                0x00001074       0x3c obj/sta/rtmp_data_pub.o
                0x00001074                get_cent_ch_by_htinfo
 .text.get_primary_ch_by_cent_ch
                0x000010b0       0x2c obj/sta/rtmp_data_pub.o
                0x000010b0                get_primary_ch_by_cent_ch
 .text.RTMPRawDataSanity
                0x000010dc       0xd8 obj/sta/rtmp_data_pub.o
                0x000010dc                RTMPRawDataSanity
 .text.WifiRxFsIntFilterOut
                0x000011b4       0xa4 obj/sta/rtmp_data_pub.o
                0x000011b4                WifiRxFsIntFilterOut
 .text.STAHandleRxDataFrame
                0x00001258       0xf0 obj/sta/rtmp_data_pub.o
                0x00001258                STAHandleRxDataFrame
 .text.STAHandleRxMgmtFrame
                0x00001348       0xf4 obj/sta/rtmp_data_pub.o
                0x00001348                STAHandleRxMgmtFrame
 .text.WifiRxDoneInterruptHandle
                0x0000143c       0xd0 obj/sta/rtmp_data_pub.o
                0x0000143c                WifiRxDoneInterruptHandle
 .text.spi_flash_page_write
                0x0000150c       0x88 obj/sta/spi-flash_pub.o
 .text.spi_flash_write_func
                0x00001594       0xf0 obj/sta/spi-flash_pub.o
                0x00001594                spi_flash_write_func
 .text.spi_flash_erase_sector
                0x00001684       0x78 obj/sta/spi-flash_pub.o
                0x00001684                spi_flash_erase_sector
 .text.spi_flash_write
                0x000016fc      0x194 obj/sta/spi-flash_pub.o
                0x000016fc                spi_flash_write
 .text.spi_flash_update_fw
                0x00001890      0x10c obj/sta/spi-flash_pub.o
                0x00001890                spi_flash_update_fw
 .text.malloc   0x0000199c       0x14 obj/sta/stdlib.o
                0x0000199c                malloc
 .text.free     0x000019b0       0x14 obj/sta/stdlib.o
                0x000019b0                free
 .text.clock_time
                0x000019c4       0x24 obj/sta/tcpip/clock-arch.o
                0x000019c4                clock_time
 .text.cloud_set_activation_para
                0x000019e8       0x7c obj/sta/tcpip/cloudclient.o
                0x000019e8                cloud_set_activation_para
 .text.cloud_fota_update
                0x00001a64      0x58c obj/sta/tcpip/cloudclient.o
                0x00001a64                cloud_fota_update
 .text.cloud_client_fota_autoupdate
                0x00001ff0      0x120 obj/sta/tcpip/cloudclient.o
                0x00001ff0                cloud_client_fota_autoupdate
 .text.cloud_http_callback
                0x00002110      0x198 obj/sta/tcpip/cloudclient.o
                0x00002110                cloud_http_callback
 .text.dhcpc_set_state
                0x000022a8        0xc obj/sta/tcpip/dhcpc.o
                0x000022a8                dhcpc_set_state
 .text.dhcpc_get_state
                0x000022b4        0xc obj/sta/tcpip/dhcpc.o
                0x000022b4                dhcpc_get_state
 .text.handle_tcp_app
                0x000022c0      0x1e4 obj/sta/tcpip/iot_tcp_app.o
                0x000022c0                handle_tcp_app
 .text.iot_tcp_appcall
                0x000024a4       0xac obj/sta/tcpip/iot_tcp_app.o
                0x000024a4                iot_tcp_appcall
 .text.iot_udp_appcall
                0x00002550       0x4c obj/sta/tcpip/iot_udp_app.o
                0x00002550                iot_udp_appcall
 .text.mt76xx_dev_init
                0x0000259c        0x4 obj/sta/tcpip/mt76xx_dev.o
                0x0000259c                mt76xx_dev_init
 .text.mt76xx_dev_read
                0x000025a0       0x2c obj/sta/tcpip/mt76xx_dev.o
                0x000025a0                mt76xx_dev_read
 .text.mt76xx_dev_send
                0x000025cc       0x60 obj/sta/tcpip/mt76xx_dev.o
                0x000025cc                mt76xx_dev_send
 .text.resolv_lookup
                0x0000262c       0x5c obj/sta/tcpip/resolv.o
                0x0000262c                resolv_lookup
 .text.resolv_query
                0x00002688       0x88 obj/sta/tcpip/resolv.o
                0x00002688                resolv_query
 .text.handle_udp_srv_app1
                0x00002710      0x12c obj/sta/tcpip/sample_udp_server.o
                0x00002710                handle_udp_srv_app1
 .text.tcpip_periodic_timer
                0x0000283c      0x1dc obj/sta/tcpip/tcpip_main.o
                0x0000283c                tcpip_periodic_timer
 .text.netif_rx
                0x00002a18       0xb0 obj/sta/tcpip/tcpip_main.o
                0x00002a18                netif_rx
 .text.tcpip_init
                0x00002ac8       0x44 obj/sta/tcpip/tcpip_main.o
                0x00002ac8                tcpip_init
 .text.uip_add32
                0x00002b0c       0x5c obj/sta/tcpip/uip.o
                0x00002b0c                uip_add32
 .text.chksum   0x00002b68       0x40 obj/sta/tcpip/uip.o
 .text.uip_ipchksum
                0x00002ba8       0x3c obj/sta/tcpip/uip.o
                0x00002ba8                uip_ipchksum
 .text.upper_layer_chksum
                0x00002be4       0x5c obj/sta/tcpip/uip.o
 .text.uip_tcpchksum
                0x00002c40       0x1c obj/sta/tcpip/uip.o
                0x00002c40                uip_tcpchksum
 .text.uip_udpchksum
                0x00002c5c       0x1c obj/sta/tcpip/uip.o
                0x00002c5c                uip_udpchksum
 .text.uip_add_rcv_nxt
                0x00002c78       0x4c obj/sta/tcpip/uip.o
 .text.htons    0x00002cc4       0x14 obj/sta/tcpip/uip.o
                0x00002cc4                htons
 .text.uip_arp_timer
                0x00002cd8       0x74 obj/sta/tcpip/uip_arp.o
                0x00002cd8                uip_arp_timer
 .text.timer_reset
                0x00002d4c        0xc obj/sta/tcpip/uip_timer.o
                0x00002d4c                timer_reset
 .text.timer_expired
                0x00002d58       0x24 obj/sta/tcpip/uip_timer.o
                0x00002d58                timer_expired
 .text.timer_set
                0x00002d7c       0x1c obj/sta/tcpip/uip_timer.o
                0x00002d7c                timer_set
 .text.uiplib_ipaddrconv
                0x00002d98       0x60 obj/sta/tcpip/uiplib.o
                0x00002d98                uiplib_ipaddrconv
 .text.copy_string
                0x00002df8       0x20 obj/sta/tcpip/webclient.o
 .text.webclient_datahandler
                0x00002e18       0x28 obj/sta/tcpip/webclient.o
                0x00002e18                webclient_datahandler
 .text.T.40     0x00002e40       0x4c obj/sta/tcpip/webclient.o
 .text.webclient_appcall
                0x00002e8c      0x134 obj/sta/tcpip/webclient.o
                0x00002e8c                webclient_appcall
 .text.iot_cust_ps_onoff
                0x00002fc0        0x4 obj/sta/wifi_task_pub.o
                0x00002fc0                iot_cust_ps_onoff
 .text.wifi_state_machine
                0x00002fc4       0xb8 obj/sta/wifi_task_pub.o
                0x00002fc4                wifi_state_machine
 .text.wifi_rx_proc
                0x0000307c       0x5c obj/sta/wifi_task_pub.o
                0x0000307c                wifi_rx_proc
 .text.wifiTASK_LowPrioTask
                0x000030d8       0xc4 obj/sta/wifi_task_pub.o
                0x000030d8                wifiTASK_LowPrioTask
 .text.overlayunload
                0x0000319c       0x7c .\libandessta.a(xip_ovly.o)
                0x0000319c                overlayunload
 .text.overlaycopy
                0x00003218       0x18 .\libandessta.a(xip_ovly.o)
                0x00003218                overlaycopy
 .text.overlayload
                0x00003230       0xc8 .\libandessta.a(xip_ovly.o)
                0x00003230                overlayload
 .text.cnmTimerSetTimer
                0x000032f8       0x3c .\libandessta.a(cnm_timer.o)
 .text.cnmTimerDoTimeOutCheck
                0x00003334       0xf0 .\libandessta.a(cnm_timer.o)
                0x00003334                cnmTimerDoTimeOutCheck
 .text.iot_gpio_output
                0x00003424       0xac .\libandessta.a(iot_io_cmd.o)
                0x00003424                iot_gpio_output
 .text.iot_gpio_output_noswap
                0x000034d0       0x28 .\libandessta.a(iot_io_cmd.o)
                0x000034d0                iot_gpio_output_noswap
 .text.iot_gpio_read
                0x000034f8       0x40 .\libandessta.a(iot_io_cmd.o)
                0x000034f8                iot_gpio_read
 .text.iot_gpios_output
                0x00003538       0x3c .\libandessta.a(iot_io_cmd.o)
                0x00003538                iot_gpios_output
 .text.iot_gpio_input
                0x00003574       0x94 .\libandessta.a(iot_io_cmd.o)
                0x00003574                iot_gpio_input
 .text.iot_sw_pwm_hdlr
                0x00003608       0xc8 .\libandessta.a(iot_io_cmd.o)
                0x00003608                iot_sw_pwm_hdlr
 .text.apiQU_Dequeue
                0x000036d0       0x44 .\libandessta.a(queue.o)
                0x000036d0                apiQU_Dequeue
 .text.apiQU_Enqueue
                0x00003714       0x40 .\libandessta.a(queue.o)
                0x00003714                apiQU_Enqueue
 .text.sysDelay1u
                0x00003754       0x10 .\libandessta.a(chip_init.o)
 .text.dump     0x00003764       0x6c .\libandessta.a(chip_init.o)
                0x00003764                dump
 .text.MT7681_ReadEEPROM
                0x000037d0       0x4c .\libandessta.a(chip_init.o)
                0x000037d0                MT7681_ReadEEPROM
 .text.rtmp_bbp_is_ready
                0x0000381c       0x58 .\libandessta.a(chip_init.o)
                0x0000381c                rtmp_bbp_is_ready
 .text.PRF      0x00003874       0xb4 .\libandessta.a(cmm_wpa.o)
                0x00003874                PRF
 .text.RT_AES_Encrypt
                0x00003928      0x3dc .\libandessta.a(crypt_aes.o)
                0x00003928                RT_AES_Encrypt
 .text.FCETXIdleCheckForPS
                0x00003d04       0x40 .\libandessta.a(rtmp_data.o)
                0x00003d04                FCETXIdleCheckForPS
 .text.UARTIdleCheckForPS
                0x00003d44       0x34 .\libandessta.a(rtmp_data.o)
                0x00003d44                UARTIdleCheckForPS
 .text.FCERXCheckForPS
                0x00003d78       0x3c .\libandessta.a(rtmp_data.o)
                0x00003d78                FCERXCheckForPS
 .text.UARTTRTimeUpdate
                0x00003db4       0x28 .\libandessta.a(rtmp_data.o)
                0x00003db4                UARTTRTimeUpdate
 .text.STASleepTime
                0x00003ddc       0xe0 .\libandessta.a(rtmp_data.o)
                0x00003ddc                STASleepTime
 .text.iot_sta_pwr_sav_null
                0x00003ebc       0x64 .\libandessta.a(rtmp_data.o)
                0x00003ebc                iot_sta_pwr_sav_null
 .text.STACheckRxDataForPS
                0x00003f20       0xcc .\libandessta.a(rtmp_data.o)
                0x00003f20                STACheckRxDataForPS
 .text.STACheckLocalIPState
                0x00003fec       0x20 .\libandessta.a(rtmp_data.o)
                0x00003fec                STACheckLocalIPState
 .text.iot_sta_pwr_sav
                0x0000400c       0xf0 .\libandessta.a(rtmp_data.o)
                0x0000400c                iot_sta_pwr_sav
 .text.STACheckRxBeaconForPS
                0x000040fc       0xd0 .\libandessta.a(rtmp_data.o)
                0x000040fc                STACheckRxBeaconForPS
 .text.RTMPZeroMemory
                0x000041cc       0x14 .\libandessta.a(rtmp_general.o)
                0x000041cc                RTMPZeroMemory
 .text.RTMPCompareMemory
                0x000041e0       0x28 .\libandessta.a(rtmp_general.o)
                0x000041e0                RTMPCompareMemory
 .text.GetTimBit
                0x00004208       0x84 .\libandessta.a(rtmp_general.o)
                0x00004208                GetTimBit
 .text.PeerBeaconAdvPwrSavingSanity
                0x0000428c       0xcc .\libandessta.a(rtmp_general.o)
                0x0000428c                PeerBeaconAdvPwrSavingSanity
 .text.OS_WAIT  0x00004358       0x18 .\libandessta.a(rtmp_general.o)
                0x00004358                OS_WAIT
 .text.SMTCNParsingMulticast
                0x00004370       0x54 .\libandessta.a(smtcn.o)
                0x00004370                SMTCNParsingMulticast
 .text.drvFCE_IntHdlr
                0x000043c4       0x8c .\libandessta.a(fce.o)
                0x000043c4                drvFCE_IntHdlr
 .text.PdmaVrPortIntHdlr
                0x00004450       0xf4 .\libandessta.a(pdma.o)
                0x00004450                PdmaVrPortIntHdlr
 .text.PdmaVtPortIntHdlr
                0x00004544      0x100 .\libandessta.a(pdma.o)
                0x00004544                PdmaVtPortIntHdlr
 .text.PdmaTxTsHdlr
                0x00004644       0x70 .\libandessta.a(pdma.o)
                0x00004644                PdmaTxTsHdlr
 .text.TxTsIntHdlr
                0x000046b4       0x18 .\libandessta.a(pdma.o)
                0x000046b4                TxTsIntHdlr
 .text.PdmaRxFsHdlr
                0x000046cc      0x108 .\libandessta.a(pdma.o)
                0x000046cc                PdmaRxFsHdlr
 .text.RxFsIntHdlr
                0x000047d4       0x18 .\libandessta.a(pdma.o)
                0x000047d4                RxFsIntHdlr
 .text.SPI_REG8
                0x000047ec       0x10 .\libandessta.a(spi-flash.o)
                0x000047ec                SPI_REG8
 .text.SPI_READOUT
                0x000047fc        0xc .\libandessta.a(spi-flash.o)
                0x000047fc                SPI_READOUT
 .text.WAIT_OP_DONE_PUB
                0x00004808       0x10 .\libandessta.a(spi-flash.o)
                0x00004808                WAIT_OP_DONE_PUB
 .text.spi_flash_clk_set
                0x00004818       0x34 .\libandessta.a(spi-flash.o)
                0x00004818                spi_flash_clk_set
 .text.spi_flash_read
                0x0000484c       0x28 .\libandessta.a(spi-flash.o)
                0x0000484c                spi_flash_read
 .text.drvTMR_Init
                0x00004874       0x14 .\libandessta.a(timer.o)
                0x00004874                drvTMR_Init
 .text.kal_get_systime
                0x00004888        0xc .\libandessta.a(timer.o)
                0x00004888                kal_get_systime
 .text.kal_delay_time
                0x00004894       0x1c .\libandessta.a(timer.o)
                0x00004894                kal_delay_time
 .text.kal_stop_timer
                0x000048b0       0x84 .\libandessta.a(timer.o)
                0x000048b0                kal_stop_timer
 .text.kal_start_timer
                0x00004934      0x104 .\libandessta.a(timer.o)
                0x00004934                kal_start_timer
 .text.SwTimerHandler
                0x00004a38       0x30 .\libandessta.a(timer.o)
                0x00004a38                SwTimerHandler
 .text.hw_timer1_IntHdler
                0x00004a68       0x3c .\libandessta.a(timer.o)
                0x00004a68                hw_timer1_IntHdler
 .text.drvTMR_IntHdler
                0x00004aa4       0x4c .\libandessta.a(timer.o)
                0x00004aa4                drvTMR_IntHdler
 .text.UART_PutUARTByte
                0x00004af0       0x20 .\libandessta.a(uart.o)
                0x00004af0                UART_PutUARTByte
 .text._UART_GetByte
                0x00004b10       0x24 .\libandessta.a(uart.o)
                0x00004b10                _UART_GetByte
 .text.UART_RecHandler
                0x00004b34       0x44 .\libandessta.a(uart.o)
                0x00004b34                UART_RecHandler
 .text.UART_TrxHandler
                0x00004b78       0xc4 .\libandessta.a(uart.o)
                0x00004b78                UART_TrxHandler
 .text.UART_LISR
                0x00004c3c       0x54 .\libandessta.a(uart.o)
                0x00004c3c                UART_LISR
 .text.UART_EnableTX
                0x00004c90       0x38 .\libandessta.a(uart.o)
                0x00004c90                UART_EnableTX
 .text.UART_DisableTX
                0x00004cc8       0x3c .\libandessta.a(uart.o)
                0x00004cc8                UART_DisableTX
 .text.UART_EnableRX
                0x00004d04       0x38 .\libandessta.a(uart.o)
                0x00004d04                UART_EnableRX
 .text.UART_DisableRX
                0x00004d3c       0x3c .\libandessta.a(uart.o)
                0x00004d3c                UART_DisableRX
 .text.sysXCPT_XcptHdlr
                0x00004d78       0x18 .\libandessta.a(xcpt.o)
                0x00004d78                sysXCPT_XcptHdlr
 .text.sysXCPT_ResetXcptHdlr
                0x00004d90        0x4 .\libandessta.a(xcpt.o)
 .text.sysXCPT_TlbFillXcptHdlr
                0x00004d94        0x4 .\libandessta.a(xcpt.o)
 .text.sysXCPT_PteNotPresentXcptHdlr
                0x00004d98        0x4 .\libandessta.a(xcpt.o)
 .text.sysXCPT_TlbMiscXcptHdlr
                0x00004d9c        0x4 .\libandessta.a(xcpt.o)
 .text.sysXCPT_TlbVlptMissXcptHdlr
                0x00004da0        0x4 .\libandessta.a(xcpt.o)
 .text.sysXCPT_MachineErrXcptHdlr
                0x00004da4        0x4 .\libandessta.a(xcpt.o)
 .text.sysXCPT_DebugRelatedXcptHdlr
                0x00004da8        0x4 .\libandessta.a(xcpt.o)
 .text.sysXCPT_GeneralXcptHdlr
                0x00004dac        0x4 .\libandessta.a(xcpt.o)
 .text.sysXCPT_SysCallXcptHdlr
                0x00004db0        0x4 .\libandessta.a(xcpt.o)
 .text.sysXCPT_Hw0IntrHdlr
                0x00004db4        0x4 .\libandessta.a(xcpt.o)
 .text.sysXCPT_Hw1IntrHdlr
                0x00004db8        0x4 .\libandessta.a(xcpt.o)
 .text.sysXCPT_Hw2IntrHdlr
                0x00004dbc        0x4 .\libandessta.a(xcpt.o)
 .text.sysXCPT_Hw3IntrHdlr
                0x00004dc0        0x4 .\libandessta.a(xcpt.o)
 .text.sysXCPT_Hw4IntrHdlr
                0x00004dc4        0x4 .\libandessta.a(xcpt.o)
 .text.sysXCPT_Hw5IntrHdlr
                0x00004dc8        0x4 .\libandessta.a(xcpt.o)
 .text.sysXCPT_SwIntrHdlr
                0x00004dcc        0x4 .\libandessta.a(xcpt.o)
 .text.sysKernelStart
                0x00004dd0       0x18 .\libandessta.a(initial.o)
                0x00004dd0                sysKernelStart
 .text.SYSirq_Disable_Interrupts_Save_Flags
                0x00004de8       0x14 .\libandessta.a(mutex.o)
                0x00004de8                SYSirq_Disable_Interrupts_Save_Flags
 .text.SYSirq_Interrupts_Restore_Flags
                0x00004dfc       0x18 .\libandessta.a(mutex.o)
                0x00004dfc                SYSirq_Interrupts_Restore_Flags
 .text.sysTASK_LowPrioTask
                0x00004e14       0x28 .\libandessta.a(task.o)
                0x00004e14                sysTASK_LowPrioTask
 .text.sysTASK_DeassertSignal
                0x00004e3c       0x44 .\libandessta.a(task.o)
                0x00004e3c                sysTASK_DeassertSignal
 .text.sysTASK_AssertSignal
                0x00004e80       0x40 .\libandessta.a(task.o)
                0x00004e80                sysTASK_AssertSignal
 .text.apiInitListEntry
                0x00004ec0        0x8 .\libandessta.a(list.o)
                0x00004ec0                apiInitListEntry
 .text.apiInsertListEntry
                0x00004ec8        0xc .\libandessta.a(list.o)
                0x00004ec8                apiInsertListEntry
 .text.apiInsertTailEntry
                0x00004ed4       0x20 .\libandessta.a(list.o)
                0x00004ed4                apiInsertTailEntry
 .text.apiRemoveHeadEntry
                0x00004ef4       0x1c .\libandessta.a(list.o)
                0x00004ef4                apiRemoveHeadEntry
 .text.apiRand  0x00004f10       0x1c .\libandessta.a(random.o)
                0x00004f10                apiRand
 .text.do_printf
                0x00004f2c      0x2e8 .\libandessta.a(do_printf.o)
                0x00004f2c                do_printf
 .text.fputc    0x00005214       0x2c .\libandessta.a(fputs.o)
                0x00005214                fputc
 .text.putchar  0x00005240       0x1c .\libandessta.a(fputs.o)
                0x00005240                putchar
 .text.strcmp   0x0000525c       0x20 .\libandessta.a(strcmp.o)
                0x0000525c                strcmp
 .text.strncmp  0x0000527c       0x24 .\libandessta.a(strcmp.o)
                0x0000527c                strncmp
 .text.strncpy  0x000052a0       0x1c .\libandessta.a(strcpy.o)
                0x000052a0                strncpy
 .text.strlen   0x000052bc       0x10 .\libandessta.a(strlen.o)
                0x000052bc                strlen
 .text.__toupper
                0x000052cc       0x1c .\libandessta.a(vsprintf.o)
 .text.simple_strtoul
                0x000052e8       0xe4 .\libandessta.a(vsprintf.o)
                0x000052e8                simple_strtoul
 .text.simple_strtol
                0x000053cc       0x2c .\libandessta.a(vsprintf.o)
                0x000053cc                simple_strtol
 .text.drvMCUCTL_IntrHdlr
                0x000053f8       0xc4 .\libandessta.a(mcuctl.o)
                0x000053f8                drvMCUCTL_IntrHdlr
 .text.sysDelayxu
                0x000054bc       0x18 .\libandessta.a(mt7681_ChSw.o)
 .text.RF_READ  0x000054d4       0xb8 .\libandessta.a(mt7681_ChSw.o)
                0x000054d4                RF_READ
 .text.RF_WRITE
                0x0000558c       0x84 .\libandessta.a(mt7681_ChSw.o)
                0x0000558c                RF_WRITE
 .text.RF_WRITE8
                0x00005610       0x20 .\libandessta.a(mt7681_ChSw.o)
                0x00005610                RF_WRITE8
 .text.BBP_READ
                0x00005630       0x78 .\libandessta.a(mt7681_ChSw.o)
                0x00005630                BBP_READ
 .text.BBP_WRITE
                0x000056a8       0x54 .\libandessta.a(mt7681_ChSw.o)
                0x000056a8                BBP_WRITE
 .text.cali_period_exec
                0x000056fc       0x40 .\libandessta.a(mt7681_ChSw.o)
                0x000056fc                cali_period_exec
 .text.T.216    0x0000573c       0x58 .\libandessta.a(mt7681_ChSw.o)
 .text.drvPBF_IntHdler
                0x00005794       0x18 .\libandessta.a(wifi_ps.o)
                0x00005794                drvPBF_IntHdler
 .text.LowPower
                0x000057ac       0xc8 .\libandessta.a(wifi_ps.o)
                0x000057ac                LowPower
 .text.iot_get_queue_info
                0x00005874        0xc .\libandessta.a(wifi_task.o)
                0x00005874                iot_get_queue_info
 .text.iot_get_fceint_state
                0x00005880        0xc .\libandessta.a(wifi_task.o)
                0x00005880                iot_get_fceint_state
 .text.iot_get_ms_time
                0x0000588c        0xc .\libandessta.a(wifi_task.o)
                0x0000588c                iot_get_ms_time
 .text.store_phymode
                0x00005898        0xc .\libandessta.a(wifi_task.o)
                0x00005898                store_phymode
 .text.handle_fce_int
                0x000058a4       0x64 .\libandessta.a(wifi_task.o)
                0x000058a4                handle_fce_int
 .text.BtoH     0x00005908       0x34 .\libandessta.a(cmm_wep.o)
                0x00005908                BtoH
 .text.AtoH     0x0000593c       0x44 .\libandessta.a(cmm_wep.o)
                0x0000593c                AtoH
 .text.drvGPIO_IntHdler
                0x00005980       0x5c .\libandessta.a(led.o)
                0x00005980                drvGPIO_IntHdler
 .text.T.6      0x000059dc       0x48 .\libandessta.a(led.o)

.rela.dyn       0x00005a24        0x0
 .rela.text.aes_cbc_decrypt
                0x00000000        0x0 obj/sta/iot_aes_pub.o
 .rela.text.aes_cbc_complete_decrypt
                0x00000000        0x0 obj/sta/iot_aes_pub.o
 .rela.text.aes_ecb_decry_test
                0x00000000        0x0 obj/sta/iot_aes_pub.o
 .rela.text.aes_cbc_encrypt
                0x00000000        0x0 obj/sta/iot_aes_pub.o
 .rela.text.aes_ecb_encry_test
                0x00000000        0x0 obj/sta/iot_aes_pub.o
 .rela.text.aes_sample
                0x00000000        0x0 obj/sta/iot_aes_pub.o
 .rela.xipsec0  0x00000000        0x0 obj/sta/iot_aes_pub.o
 .rela.text.getopt
                0x00000000        0x0 obj/sta/iot_aes_pub.o
 .rela.text.iot_cust_gpiint_hdlr
                0x00000000        0x0 obj/sta/iot_aes_pub.o
 .rela.text.reset_ap_cfg
                0x00000000        0x0 obj/sta/iot_aes_pub.o
 .rela.text.reset_sta_cfg
                0x00000000        0x0 obj/sta/iot_aes_pub.o
 .rela.text.pre_init_cfg
                0x00000000        0x0 obj/sta/iot_aes_pub.o
 .rela.text.iot_cust_timer0_timeout_actioin
                0x00000000        0x0 obj/sta/iot_aes_pub.o
 .rela.text.cust_app_init
                0x00000000        0x0 obj/sta/iot_aes_pub.o
 .rela.text.cust_subtask
                0x00000000        0x0 obj/sta/iot_aes_pub.o
 .rela.text.iot_app_proc_pkt
                0x00000000        0x0 obj/sta/iot_aes_pub.o
 .rela.text.uart_rxbuf_init
                0x00000000        0x0 obj/sta/iot_aes_pub.o
 .rela.text.uart_rb_init
                0x00000000        0x0 obj/sta/iot_aes_pub.o
 .rela.text.uart_rb_pop
                0x00000000        0x0 obj/sta/iot_aes_pub.o
 .rela.text.uart_rb_push
                0x00000000        0x0 obj/sta/iot_aes_pub.o
 .rela.text.uart_get_avail
                0x00000000        0x0 obj/sta/iot_aes_pub.o
 .rela.text.iot_atcmd_uart_atcfg
                0x00000000        0x0 obj/sta/iot_aes_pub.o
 .rela.text.uart_rx_dispatch
                0x00000000        0x0 obj/sta/iot_aes_pub.o
 .rela.text.uart_get_byte
                0x00000000        0x0 obj/sta/iot_aes_pub.o
 .rela.text.uart_rx_cb
                0x00000000        0x0 obj/sta/iot_aes_pub.o
 .rela.text.uart_put_bytes
                0x00000000        0x0 obj/sta/iot_aes_pub.o
 .rela.text.iot_uart_output
                0x00000000        0x0 obj/sta/iot_aes_pub.o
 .rela.text.port_inbyte
                0x00000000        0x0 obj/sta/iot_aes_pub.o
 .rela.text.port_outbyte
                0x00000000        0x0 obj/sta/iot_aes_pub.o
 .rela.text.iot_xmodem_update_fw
                0x00000000        0x0 obj/sta/iot_aes_pub.o
 .rela.text.iot_xmodem_receive
                0x00000000        0x0 obj/sta/iot_aes_pub.o
 .rela.text.iot_xmodem_transmit
                0x00000000        0x0 obj/sta/iot_aes_pub.o
 .rela.text.main
                0x00000000        0x0 obj/sta/iot_aes_pub.o
 .rela.text.vprintf
                0x00000000        0x0 obj/sta/iot_aes_pub.o
 .rela.text.vsprintf
                0x00000000        0x0 obj/sta/iot_aes_pub.o
 .rela.text.vprintf_help
                0x00000000        0x0 obj/sta/iot_aes_pub.o
 .rela.text.RTMPRawDataSanity
                0x00000000        0x0 obj/sta/iot_aes_pub.o
 .rela.text.WifiRxFsIntFilterOut
                0x00000000        0x0 obj/sta/iot_aes_pub.o
 .rela.text.STAHandleRxDataFrame
                0x00000000        0x0 obj/sta/iot_aes_pub.o
 .rela.text.STAHandleRxMgmtFrame
                0x00000000        0x0 obj/sta/iot_aes_pub.o
 .rela.text.WifiRxDoneInterruptHandle
                0x00000000        0x0 obj/sta/iot_aes_pub.o
 .rela.text.dump_spi_flash
                0x00000000        0x0 obj/sta/iot_aes_pub.o
 .rela.text.dump_spi_flash_fw
                0x00000000        0x0 obj/sta/iot_aes_pub.o
 .rela.text.spi_flash_page_write
                0x00000000        0x0 obj/sta/iot_aes_pub.o
 .rela.text.spi_flash_write_func
                0x00000000        0x0 obj/sta/iot_aes_pub.o
 .rela.text.spi_flash_read_m2
                0x00000000        0x0 obj/sta/iot_aes_pub.o
 .rela.text.spi_flash_erase_block
                0x00000000        0x0 obj/sta/iot_aes_pub.o
 .rela.text.spi_flash_erase_sector
                0x00000000        0x0 obj/sta/iot_aes_pub.o
 .rela.text.spi_flash_write
                0x00000000        0x0 obj/sta/iot_aes_pub.o
 .rela.text.spi_flash_update_fw
                0x00000000        0x0 obj/sta/iot_aes_pub.o
 .rela.text.spi_flash_erase_CE
                0x00000000        0x0 obj/sta/iot_aes_pub.o
 .rela.text.free
                0x00000000        0x0 obj/sta/iot_aes_pub.o
 .rela.text.clock_time
                0x00000000        0x0 obj/sta/iot_aes_pub.o
 .rela.xipsec1  0x00000000        0x0 obj/sta/iot_aes_pub.o
 .rela.text.cloud_set_activation_para
                0x00000000        0x0 obj/sta/iot_aes_pub.o
 .rela.text.cloud_fota_update
                0x00000000        0x0 obj/sta/iot_aes_pub.o
 .rela.text.cloud_client_fota_autoupdate
                0x00000000        0x0 obj/sta/iot_aes_pub.o
 .rela.text.cloud_http_callback
                0x00000000        0x0 obj/sta/iot_aes_pub.o
 .rela.text.dhcpc_request
                0x00000000        0x0 obj/sta/iot_aes_pub.o
 .rela.ovlysec10
                0x00000000        0x0 obj/sta/iot_aes_pub.o
 .rela.text.handle_tcp_app
                0x00000000        0x0 obj/sta/iot_aes_pub.o
 .rela.text.iot_tcp_appcall
                0x00000000        0x0 obj/sta/iot_aes_pub.o
 .rela.text.iot_udp_appcall
                0x00000000        0x0 obj/sta/iot_aes_pub.o
 .rela.text.memb_init
                0x00000000        0x0 obj/sta/iot_aes_pub.o
 .rela.text.mt76xx_dev_read
                0x00000000        0x0 obj/sta/iot_aes_pub.o
 .rela.text.mt76xx_dev_send
                0x00000000        0x0 obj/sta/iot_aes_pub.o
 .rela.text.resolv_conf
                0x00000000        0x0 obj/sta/iot_aes_pub.o
 .rela.text.resolv_lookup
                0x00000000        0x0 obj/sta/iot_aes_pub.o
 .rela.text.resolv_query
                0x00000000        0x0 obj/sta/iot_aes_pub.o
 .rela.text.resolv_newdata
                0x00000000        0x0 obj/sta/iot_aes_pub.o
 .rela.text.resolv_check_entries
                0x00000000        0x0 obj/sta/iot_aes_pub.o
 .rela.text.handle_resolv
                0x00000000        0x0 obj/sta/iot_aes_pub.o
 .rela.text.resolv_usage_init
                0x00000000        0x0 obj/sta/iot_aes_pub.o
 .rela.text.resolv_found
                0x00000000        0x0 obj/sta/iot_aes_pub.o
 .rela.text.udp_client_sample
                0x00000000        0x0 obj/sta/iot_aes_pub.o
 .rela.text.udp_client_init
                0x00000000        0x0 obj/sta/iot_aes_pub.o
 .rela.text.handle_udp_srv_app1
                0x00000000        0x0 obj/sta/iot_aes_pub.o
 .rela.text.tcpip_periodic_timer
                0x00000000        0x0 obj/sta/iot_aes_pub.o
 .rela.text.netif_rx
                0x00000000        0x0 obj/sta/iot_aes_pub.o
 .rela.ovlysec9
                0x00000000        0x0 obj/sta/iot_aes_pub.o
 .rela.text.tcpip_init
                0x00000000        0x0 obj/sta/iot_aes_pub.o
 .rela.text.uip_fw_output
                0x00000000        0x0 obj/sta/iot_aes_pub.o
 .rela.text.uip_fw_forward
                0x00000000        0x0 obj/sta/iot_aes_pub.o
 .rela.text.uip_neighbor_add
                0x00000000        0x0 obj/sta/iot_aes_pub.o
 .rela.text.uip_split_output
                0x00000000        0x0 obj/sta/iot_aes_pub.o
 .rela.text.uip_add32
                0x00000000        0x0 obj/sta/iot_aes_pub.o
 .rela.text.uip_ipchksum
                0x00000000        0x0 obj/sta/iot_aes_pub.o
 .rela.text.upper_layer_chksum
                0x00000000        0x0 obj/sta/iot_aes_pub.o
 .rela.text.uip_add_rcv_nxt
                0x00000000        0x0 obj/sta/iot_aes_pub.o
 .rela.ovlysec0
                0x00000000        0x0 obj/sta/iot_aes_pub.o
 .rela.text.uip_arp_timer
                0x00000000        0x0 obj/sta/iot_aes_pub.o
 .rela.text.uip_arp_init
                0x00000000        0x0 obj/sta/iot_aes_pub.o
 .rela.text.copy_string
                0x00000000        0x0 obj/sta/iot_aes_pub.o
 .rela.text.wifi_state_machine
                0x00000000        0x0 obj/sta/iot_aes_pub.o
 .rela.text.wifi_rx_proc
                0x00000000        0x0 obj/sta/iot_aes_pub.o
 .rela.text.wifiTASK_LowPrioTask
                0x00000000        0x0 obj/sta/iot_aes_pub.o
 .rela.vector   0x00000000        0x0 obj/sta/iot_aes_pub.o
 .rela.startup  0x00000000        0x0 obj/sta/iot_aes_pub.o
 .rela.excepsysc
                0x00000000        0x0 obj/sta/iot_aes_pub.o
 .rela.ctxsw    0x00000000        0x0 obj/sta/iot_aes_pub.o
 .rela.text.overlayunload
                0x00000000        0x0 obj/sta/iot_aes_pub.o
 .rela.text.overlaycopy
                0x00000000        0x0 obj/sta/iot_aes_pub.o
 .rela.text.overlayload
                0x00000000        0x0 obj/sta/iot_aes_pub.o
 .rela.text.cnmTimerSetTimer
                0x00000000        0x0 obj/sta/iot_aes_pub.o
 .rela.text.cnmTimerDoTimeOutCheck
                0x00000000        0x0 obj/sta/iot_aes_pub.o
 .rela.text.cnmTimerDestroy
                0x00000000        0x0 obj/sta/iot_aes_pub.o
 .rela.text.iot_sw_pwm_hdlr
                0x00000000        0x0 obj/sta/iot_aes_pub.o
 .rela.text.IoT_Cmd_Set_DBG_LVL
                0x00000000        0x0 obj/sta/iot_aes_pub.o
 .rela.text.apiQU_Dequeue
                0x00000000        0x0 obj/sta/iot_aes_pub.o
 .rela.text.apiQU_Enqueue
                0x00000000        0x0 obj/sta/iot_aes_pub.o
 .rela.text.PeerDisassocSanity
                0x00000000        0x0 obj/sta/iot_aes_pub.o
 .rela.ovlysec5
                0x00000000        0x0 obj/sta/iot_aes_pub.o
 .rela.ovlysec6
                0x00000000        0x0 obj/sta/iot_aes_pub.o
 .rela.text.PeerAuthSanity
                0x00000000        0x0 obj/sta/iot_aes_pub.o
 .rela.text.PeerAuthRspAtSeq2Action
                0x00000000        0x0 obj/sta/iot_aes_pub.o
 .rela.ovlysec11
                0x00000000        0x0 obj/sta/iot_aes_pub.o
 .rela.text.MT7681_ReadEEPROM
                0x00000000        0x0 obj/sta/iot_aes_pub.o
 .rela.text.rtmp_bbp_is_ready
                0x00000000        0x0 obj/sta/iot_aes_pub.o
 .rela.text.MT7681_eep_cfg
                0x00000000        0x0 obj/sta/iot_aes_pub.o
 .rela.text.GenericWowPatternCheck
                0x00000000        0x0 obj/sta/iot_aes_pub.o
 .rela.text.STAWowPatternCheck
                0x00000000        0x0 obj/sta/iot_aes_pub.o
 .rela.text.RTMPCheckWPAframe
                0x00000000        0x0 obj/sta/iot_aes_pub.o
 .rela.ovlysec7
                0x00000000        0x0 obj/sta/iot_aes_pub.o
 .rela.text.PRF
                0x00000000        0x0 obj/sta/iot_aes_pub.o
 .rela.rodata.cst4
                0x00000000        0x0 obj/sta/iot_aes_pub.o
 .rela.text.T.64
                0x00000000        0x0 obj/sta/iot_aes_pub.o
 .rela.text.RtmpPasswordHash
                0x00000000        0x0 obj/sta/iot_aes_pub.o
 .rela.text.RT_AES_Encrypt
                0x00000000        0x0 obj/sta/iot_aes_pub.o
 .rela.text.aes_key_wrap
                0x00000000        0x0 obj/sta/iot_aes_pub.o
 .rela.text.FCETXIdleCheckForPS
                0x00000000        0x0 obj/sta/iot_aes_pub.o
 .rela.text.UARTIdleCheckForPS
                0x00000000        0x0 obj/sta/iot_aes_pub.o
 .rela.text.FCERXCheckForPS
                0x00000000        0x0 obj/sta/iot_aes_pub.o
 .rela.text.UARTTRTimeUpdate
                0x00000000        0x0 obj/sta/iot_aes_pub.o
 .rela.text.STASleepTime
                0x00000000        0x0 obj/sta/iot_aes_pub.o
 .rela.text.STACheckRxDataForPS
                0x00000000        0x0 obj/sta/iot_aes_pub.o
 .rela.text.iot_sta_pwr_sav
                0x00000000        0x0 obj/sta/iot_aes_pub.o
 .rela.text.STACheckRxBeaconForPS
                0x00000000        0x0 obj/sta/iot_aes_pub.o
 .rela.text.EnqueuePsPoll
                0x00000000        0x0 obj/sta/iot_aes_pub.o
 .rela.text.send_test_data_frame
                0x00000000        0x0 obj/sta/iot_aes_pub.o
 .rela.text.sta_legacy_frame_tx2
                0x00000000        0x0 obj/sta/iot_aes_pub.o
 .rela.text.RTMPReportMicError
                0x00000000        0x0 obj/sta/iot_aes_pub.o
 .rela.text.PeerBeaconAdvPwrSavingSanity
                0x00000000        0x0 obj/sta/iot_aes_pub.o
 .rela.text.ActHeaderInit
                0x00000000        0x0 obj/sta/iot_aes_pub.o
 .rela.text.PeerAddBAReqAction
                0x00000000        0x0 obj/sta/iot_aes_pub.o
 .rela.text.OS_WAIT
                0x00000000        0x0 obj/sta/iot_aes_pub.o
 .rela.ovlysec3
                0x00000000        0x0 obj/sta/iot_aes_pub.o
 .rela.ovlysec8
                0x00000000        0x0 obj/sta/iot_aes_pub.o
 .rela.text.DoScan
                0x00000000        0x0 obj/sta/iot_aes_pub.o
 .rela.ovlysec4
                0x00000000        0x0 obj/sta/iot_aes_pub.o
 .rela.text.SMTCNParsingData
                0x00000000        0x0 obj/sta/iot_aes_pub.o
 .rela.text.ParsingData
                0x00000000        0x0 obj/sta/iot_aes_pub.o
 .rela.text.eEpPhysicalReadRegisters
                0x00000000        0x0 obj/sta/iot_aes_pub.o
 .rela.text.set_eEpGetFreeBlockCount_Proc
                0x00000000        0x0 obj/sta/iot_aes_pub.o
 .rela.text.set_eEpdump_Proc
                0x00000000        0x0 obj/sta/iot_aes_pub.o
 .rela.text.drvFCE_IntHdlr
                0x00000000        0x0 obj/sta/iot_aes_pub.o
 .rela.text.PdmaTxTsHdlr
                0x00000000        0x0 obj/sta/iot_aes_pub.o
 .rela.text.PdmaRxFsHdlr
                0x00000000        0x0 obj/sta/iot_aes_pub.o
 .rela.text.spi_flash_read
                0x00000000        0x0 obj/sta/iot_aes_pub.o
 .rela.text.kal_free_timer
                0x00000000        0x0 obj/sta/iot_aes_pub.o
 .rela.text.kal_stop_timer
                0x00000000        0x0 obj/sta/iot_aes_pub.o
 .rela.text.kal_start_timer
                0x00000000        0x0 obj/sta/iot_aes_pub.o
 .rela.text.SwTimerHandler
                0x00000000        0x0 obj/sta/iot_aes_pub.o
 .rela.text.UART_RecHandler
                0x00000000        0x0 obj/sta/iot_aes_pub.o
 .rela.text.UART_TrxHandler
                0x00000000        0x0 obj/sta/iot_aes_pub.o
 .rela.text.UART_LISR
                0x00000000        0x0 obj/sta/iot_aes_pub.o
 .rela.text.UART_EnableTX
                0x00000000        0x0 obj/sta/iot_aes_pub.o
 .rela.text.UART_DisableTX
                0x00000000        0x0 obj/sta/iot_aes_pub.o
 .rela.text.UART_EnableRX
                0x00000000        0x0 obj/sta/iot_aes_pub.o
 .rela.text.UART_DisableRX
                0x00000000        0x0 obj/sta/iot_aes_pub.o
 .rela.text.sysKernelStart
                0x00000000        0x0 obj/sta/iot_aes_pub.o
 .rela.text.sysTASK_ChkSignal
                0x00000000        0x0 obj/sta/iot_aes_pub.o
 .rela.text.sysTASK_LowPrioTask
                0x00000000        0x0 obj/sta/iot_aes_pub.o
 .rela.text.sysTASK_DeassertSignal
                0x00000000        0x0 obj/sta/iot_aes_pub.o
 .rela.text.sysTASK_AssertSignal
                0x00000000        0x0 obj/sta/iot_aes_pub.o
 .rela.text.sysTASK_WaitForSignal
                0x00000000        0x0 obj/sta/iot_aes_pub.o
 .rela.text.sysTASK_Dispatch
                0x00000000        0x0 obj/sta/iot_aes_pub.o
 .rela.text.do_printf
                0x00000000        0x0 obj/sta/iot_aes_pub.o
 .rela.text.__toupper
                0x00000000        0x0 obj/sta/iot_aes_pub.o
 .rela.text.simple_strtoul
                0x00000000        0x0 obj/sta/iot_aes_pub.o
 .rela.text.drvMCUCTL_IntrHdlr
                0x00000000        0x0 obj/sta/iot_aes_pub.o
 .rela.text.cali_period_exec
                0x00000000        0x0 obj/sta/iot_aes_pub.o
 .rela.ovlysec12
                0x00000000        0x0 obj/sta/iot_aes_pub.o
 .rela.text.iot_get_queue_info
                0x00000000        0x0 obj/sta/iot_aes_pub.o
 .rela.text.iot_get_fceint_state
                0x00000000        0x0 obj/sta/iot_aes_pub.o
 .rela.text.store_phymode
                0x00000000        0x0 obj/sta/iot_aes_pub.o
 .rela.text.handle_FCE_RxTS_interrupt
                0x00000000        0x0 obj/sta/iot_aes_pub.o
 .rela.text.handle_fce_int
                0x00000000        0x0 obj/sta/iot_aes_pub.o
 .rela.text.ConvertToRssi
                0x00000000        0x0 obj/sta/iot_aes_pub.o
 .rela.text.RTMPConstructWEPIVHdr
                0x00000000        0x0 obj/sta/iot_aes_pub.o
 .rela.text.RTMPInitWepEngine
                0x00000000        0x0 obj/sta/iot_aes_pub.o
 .rela.text.RTMPSoftDecryptWEP
                0x00000000        0x0 obj/sta/iot_aes_pub.o
 .rela.text.RTMPSoftEncryptWEP
                0x00000000        0x0 obj/sta/iot_aes_pub.o
 .rela.text.sysCALL_XcptHdlr
                0x00000000        0x0 obj/sta/iot_aes_pub.o
 .rela.text.sysCALL_SysCall0Hdlr
                0x00000000        0x0 obj/sta/iot_aes_pub.o
                0x00005a30                . = ALIGN (0x10)
                0x00005a30                STACK_SECT_VMA = .

.STACK          0x00005a30      0xa00
                0x00005a30                PROVIDE (_STACK_START, .)
 *(.stack)
 .stack         0x00005a30      0xa00 .\libandessta.a(stack.o)
                0x00005a30                sysStack
                0x00006430                PROVIDE (_STACK_END, .)
                0x00006430                . = ALIGN (0x10)
                0x00006430                DATA_SECT_VMA = .

.DATA           0x00006430      0xd90
 *(.rodata)
 .rodata        0x00006430       0x10 obj/sta/tcpip/iot_tcp_app.o
 *(.rodata.*)
 .rodata.str1.4
                0x00006440      0x2dc obj/sta/iot_aes_pub.o
 .rodata.str1.4
                0x0000671c       0x87 obj/sta/iot_at_cmd.o
                                 0x8c (size before relaxing)
 *fill*         0x000067a3        0x1 00000000
 .rodata.str1.4
                0x000067a4        0x7 obj/sta/iot_at_cmd_utility.o
                                  0x8 (size before relaxing)
 *fill*         0x000067ab        0x1 00000000
 .rodata.str1.4
                0x000067ac       0x95 obj/sta/iot_custom.o
                                 0x98 (size before relaxing)
 *fill*         0x00006841        0x3 00000000
 .rodata.str1.4
                0x00006844       0x23 obj/sta/iot_uart_rb.o
                                 0x24 (size before relaxing)
 *fill*         0x00006867        0x1 00000000
 .rodata.cst4   0x00006868        0x4 obj/sta/iot_uart_rb.o
 .rodata.__FUNCTION__.2991
                0x0000686c       0x10 obj/sta/iot_uart_rb.o
 .rodata.str1.4
                0x0000687c        0xf obj/sta/iot_uplink.o
                                 0x10 (size before relaxing)
 *fill*         0x0000688b        0x1 00000000
 .rodata.__FUNCTION__.3052
                0x0000688c       0x18 obj/sta/iot_uplink.o
 .rodata.str1.4
                0x000068a4       0xc3 obj/sta/tcpip/cloudclient.o
                                 0xc4 (size before relaxing)
 *fill*         0x00006967        0x1 00000000
 .rodata.cst4   0x00006968        0x4 obj/sta/tcpip/cloudclient.o
 .rodata.str1.4
                0x0000696c       0x14 obj/sta/tcpip/dhcpc.o
 .rodata.xid    0x00006980        0x4 obj/sta/tcpip/dhcpc.o
 .rodata.magic_cookie
                0x00006984        0x4 obj/sta/tcpip/dhcpc.o
 .rodata.str1.4
                0x00006988       0x5c obj/sta/tcpip/iot_tcp_app.o
                                 0x68 (size before relaxing)
 .rodata.str1.4
                0x000069e4       0x16 obj/sta/tcpip/sample_udp_server.o
                                 0x24 (size before relaxing)
 *fill*         0x000069fa        0x2 00000000
 .rodata.str1.4
                0x000069fc       0x30 obj/sta/tcpip/tcpip_main.o
 .rodata.broadcast_ethaddr
                0x00006a2c        0x8 obj/sta/tcpip/uip_arp.o
 .rodata.http_http
                0x00006a34        0x8 obj/sta/tcpip/webclient-strings.o
                0x00006a34                http_http
 .rodata.http_200
                0x00006a3c        0x8 obj/sta/tcpip/webclient-strings.o
                0x00006a3c                http_200
 .rodata.http_301
                0x00006a44        0x8 obj/sta/tcpip/webclient-strings.o
                0x00006a44                http_301
 .rodata.http_302
                0x00006a4c        0x8 obj/sta/tcpip/webclient-strings.o
                0x00006a4c                http_302
 .rodata.http_get
                0x00006a54        0x8 obj/sta/tcpip/webclient-strings.o
                0x00006a54                http_get
 .rodata.http_10
                0x00006a5c        0xc obj/sta/tcpip/webclient-strings.o
                0x00006a5c                http_10
 .rodata.http_11
                0x00006a68        0xc obj/sta/tcpip/webclient-strings.o
                0x00006a68                http_11
 .rodata.http_content_type
                0x00006a74       0x10 obj/sta/tcpip/webclient-strings.o
                0x00006a74                http_content_type
 .rodata.http_location
                0x00006a84        0xc obj/sta/tcpip/webclient-strings.o
                0x00006a84                http_location
 .rodata.http_host
                0x00006a90        0x8 obj/sta/tcpip/webclient-strings.o
                0x00006a90                http_host
 .rodata.http_crnl
                0x00006a98        0x4 obj/sta/tcpip/webclient-strings.o
                0x00006a98                http_crnl
 .rodata.http_user_agent_fields
                0x00006a9c       0x50 obj/sta/tcpip/webclient-strings.o
                0x00006a9c                http_user_agent_fields
 .rodata.str1.4
                0x00006aec       0x1a obj/sta/tcpip/webclient.o
                                 0x1c (size before relaxing)
 *fill*         0x00006b06        0x2 00000000
 .rodata.str1.4
                0x00006b08        0xc obj/sta/wifi_task_pub.o
 .rodata.str1.4
                0x00006b14       0x2b .\libandessta.a(xip_ovly.o)
                                 0x2c (size before relaxing)
 *fill*         0x00006b3f        0x1 00000000
 .rodata.C.2.5748
                0x00006b40       0x10 .\libandessta.a(app_nos_main.o)
 .rodata.str1.4
                0x00006b50       0x14 .\libandessta.a(assoc.o)
 .rodata.__FUNCTION__.4384
                0x00006b64       0x10 .\libandessta.a(assoc.o)
 .rodata.str1.4
                0x00006b74       0x57 .\libandessta.a(chip_init.o)
                                 0x5c (size before relaxing)
 .rodata.str1.4
                0x00000000       0x10 .\libandessta.a(cmm_wpa.o)
 *fill*         0x00006bcb        0x1 00000000
 .rodata.__FUNCTION__.4691
                0x00006bcc       0x18 .\libandessta.a(cmm_wpa.o)
 .rodata.C.21.4510
                0x00006be4        0xc .\libandessta.a(cmm_wpa.o)
 .rodata.C.20.4452
                0x00006bf0       0x18 .\libandessta.a(cmm_wpa.o)
 .rodata.cst4   0x00006c08        0x4 .\libandessta.a(crypt_aes.o)
                                  0x8 (size before relaxing)
 .rodata.aes_mul_2
                0x00006c0c      0x100 .\libandessta.a(crypt_aes.o)
 .rodata.aes_mul_3
                0x00006d0c      0x100 .\libandessta.a(crypt_aes.o)
 .rodata.str1.4
                0x00006e0c        0xb .\libandessta.a(scan.o)
                                  0xc (size before relaxing)
 *fill*         0x00006e17        0x1 00000000
 .rodata.str1.4
                0x00006e18        0x5 .\libandessta.a(bsp.o)
                                  0x8 (size before relaxing)
 *fill*         0x00006e1d        0x3 00000000
 .rodata.str1.4
                0x00006e20       0x37 .\libandessta.a(ee_efuse.o)
                                 0x38 (size before relaxing)
 *fill*         0x00006e57        0x1 00000000
 .rodata.MT7681_Frequency_Plan
                0x00006e58       0x48 .\libandessta.a(mt7681_ChSw.o)
 .rodata.str1.4
                0x00006ea0       0x48 .\libandessta.a(wifi_task.o)
                0x00006ef0                . = ALIGN (0x10)
 *fill*         0x00006ee8        0x8 00000000
 *(.data)
 *(.data.*)
 .data.optind   0x00006ef0        0x2 obj/sta/iot_at_cmd_utility.o
                0x00006ef0                optind
 .data.opterr   0x00006ef2        0x1 obj/sta/iot_at_cmd_utility.o
                0x00006ef2                opterr
 .data.PRINT_FLAG
                0x00006ef3        0x1 obj/sta/iot_custom.o
                0x00006ef3                PRINT_FLAG
 .data.Com_Cfg  0x00006ef4       0x2c obj/sta/iot_custom.o
                0x00006ef4                Com_Cfg
 .data.Usr_Cfg  0x00006f20       0x60 obj/sta/iot_custom.o
                0x00006f20                Usr_Cfg
 .data.bSpecAP  0x00006f80        0x1 obj/sta/iot_custom.o
                0x00006f80                bSpecAP
 *fill*         0x00006f81        0x3 00000000
 .data.IoT_CmdPWD_Recv
                0x00006f84        0x4 obj/sta/iot_parse.o
                0x00006f84                IoT_CmdPWD_Recv
 .data.ATCmdPrefixAT
                0x00006f88        0x4 obj/sta/iot_uart_rb.o
                0x00006f88                ATCmdPrefixAT
 .data.ATCmdPrefixIW
                0x00006f8c        0xc obj/sta/iot_uart_rb.o
                0x00006f8c                ATCmdPrefixIW
 .data.SNAP_802_1H
                0x00006f98        0x8 obj/sta/iot_uplink.o
                0x00006f98                SNAP_802_1H
 .data.SNAP_BRIDGE_TUNNEL
                0x00006fa0        0x8 obj/sta/iot_uplink.o
                0x00006fa0                SNAP_BRIDGE_TUNNEL
 .data.EAPOL    0x00006fa8        0x4 obj/sta/iot_uplink.o
                0x00006fa8                EAPOL
 .data.IPv4     0x00006fac        0x4 obj/sta/iot_uplink.o
                0x00006fac                IPv4
 .data.HWID     0x00006fb0       0x10 obj/sta/tcpip/cloudclient.o
                0x00006fb0                HWID
 .data.AES_CBC_IV
                0x00006fc0       0x10 obj/sta/tcpip/cloudclient.o
                0x00006fc0                AES_CBC_IV
 .data.keepAlivePeriod
                0x00006fd0        0x2 obj/sta/tcpip/cloudclient.o
                0x00006fd0                keepAlivePeriod
 .data.gpioUpdatePeriod
                0x00006fd2        0x2 obj/sta/tcpip/cloudclient.o
                0x00006fd2                gpioUpdatePeriod
 .data.gpioUpdateTimeCnt
                0x00006fd4        0x2 obj/sta/tcpip/cloudclient.o
                0x00006fd4                gpioUpdateTimeCnt
 *fill*         0x00006fd6        0x2 00000000
 .data.FOTA_updateOk
                0x00006fd8        0x4 obj/sta/tcpip/cloudclient.o
                0x00006fd8                FOTA_updateOk
 .data.hostname
                0x00006fdc        0x8 obj/sta/tcpip/dhcpc.o
 .data.cli_fd   0x00006fe4        0x4 obj/sta/tcpip/tcpip_main.o
                0x00006fe4                cli_fd
 .data.clk      0x00006fe8        0x4 obj/sta/tcpip/tcpip_main.o
 .data.uip_ethaddr
                0x00006fec        0x8 obj/sta/tcpip/uip.o
                0x00006fec                uip_ethaddr
 .data.gCurrentAddress
                0x00006ff4        0x8 obj/sta/wifi_task_pub.o
                0x00006ff4                gCurrentAddress
 .data.BCAST_ADDR
                0x00006ffc        0x8 obj/sta/wifi_task_pub.o
                0x00006ffc                BCAST_ADDR
 .data.OUI_WPA_NONE_AKM
                0x00007004        0x4 .\libandessta.a(cmm_wpa.o)
                0x00007004                OUI_WPA_NONE_AKM
 .data.OUI_WPA_VERSION
                0x00007008        0x4 .\libandessta.a(cmm_wpa.o)
                0x00007008                OUI_WPA_VERSION
 .data.OUI_WPA_TKIP
                0x0000700c        0x4 .\libandessta.a(cmm_wpa.o)
                0x0000700c                OUI_WPA_TKIP
 .data.OUI_WPA_CCMP
                0x00007010        0x4 .\libandessta.a(cmm_wpa.o)
                0x00007010                OUI_WPA_CCMP
 .data.OUI_WPA_8021X_AKM
                0x00007014        0x4 .\libandessta.a(cmm_wpa.o)
                0x00007014                OUI_WPA_8021X_AKM
 .data.OUI_WPA_PSK_AKM
                0x00007018        0x4 .\libandessta.a(cmm_wpa.o)
                0x00007018                OUI_WPA_PSK_AKM
 .data.OUI_WPA2
                0x0000701c        0x4 .\libandessta.a(cmm_wpa.o)
                0x0000701c                OUI_WPA2
 .data.OUI_WPA2_TKIP
                0x00007020        0x4 .\libandessta.a(cmm_wpa.o)
                0x00007020                OUI_WPA2_TKIP
 .data.OUI_WPA2_CCMP
                0x00007024        0x4 .\libandessta.a(cmm_wpa.o)
                0x00007024                OUI_WPA2_CCMP
 .data.OUI_WPA2_8021X_AKM
                0x00007028        0x4 .\libandessta.a(cmm_wpa.o)
                0x00007028                OUI_WPA2_8021X_AKM
 .data.OUI_WPA2_PSK_AKM
                0x0000702c        0x4 .\libandessta.a(cmm_wpa.o)
                0x0000702c                OUI_WPA2_PSK_AKM
 .data.g_tx_pkt_id
                0x00007030        0x1 .\libandessta.a(rtmp_data.o)
                0x00007030                g_tx_pkt_id
 *fill*         0x00007031        0x3 00000000
 .data.Full_ChannelList
                0x00007034       0x28 .\libandessta.a(scan.o)
                0x00007034                Full_ChannelList
 .data.Full_ChannelList_Size
                0x0000705c        0x1 .\libandessta.a(scan.o)
                0x0000705c                Full_ChannelList_Size
 .data.HtCapIe  0x0000705d        0x1 .\libandessta.a(scan.o)
                0x0000705d                HtCapIe
 *fill*         0x0000705e        0x2 00000000
 .data.WPA_OUI  0x00007060        0x4 .\libandessta.a(scan.o)
                0x00007060                WPA_OUI
 .data.RSN_OUI  0x00007064        0x4 .\libandessta.a(scan.o)
                0x00007064                RSN_OUI
 .data.WPS_OUI  0x00007068        0x4 .\libandessta.a(scan.o)
                0x00007068                WPS_OUI
 .data.sysXcptVctr
                0x0000706c       0x40 .\libandessta.a(xcpt.o)
 .data.Random   0x000070ac        0x4 .\libandessta.a(random.o)
 .data.SupRateIe
                0x000070b0        0x1 .\libandessta.a(mt7681_ChSw.o)
                0x000070b0                SupRateIe
 .data.ExtRateIe
                0x000070b1        0x1 .\libandessta.a(mt7681_ChSw.o)
                0x000070b1                ExtRateIe
 *fill*         0x000070b2        0x2 00000000
 .data.WME_PARM_ELEM
                0x000070b4        0x8 .\libandessta.a(mt7681_ChSw.o)
                0x000070b4                WME_PARM_ELEM
 .data.SSID_TMP
                0x000070bc        0x4 .\libandessta.a(wifi_task.o)
                0x000070bc                SSID_TMP
 .data._ctype   0x000070c0      0x100 .\libandessta.a(ctype.o)
                0x000070c0                _ctype
                0x000071c0                . = ALIGN (0x4)

FW_VERSION_TAG  0x000071c0        0xc
 *(FW_VERSION_TAG)
 FW_VERSION_TAG
                0x000071c0        0xc .\libandessta.a(bsp.o)
                0x000071c0                gVersionTag
                0x000071cc                __tag_end = .

.ovlysec0       0x000071cc      0xff0 load address 0x0053f000
 .ovlysec0      0x000071cc      0xff0 obj/sta/tcpip/uip.o
                0x000071cc                _uip_process
                0x0053f000                PROVIDE (__load_start_ovlysec0, LOADADDR (.ovlysec0))
                0x0053fff0                PROVIDE (__load_stop_ovlysec0, (LOADADDR (.ovlysec0) + SIZEOF (.ovlysec0)))

.ovlysec1       0x000071cc        0x0 load address 0x0053fff0
                0x0053fff0                PROVIDE (__load_start_ovlysec1, LOADADDR (.ovlysec1))
                0x0053fff0                PROVIDE (__load_stop_ovlysec1, (LOADADDR (.ovlysec1) + SIZEOF (.ovlysec1)))

.ovlysec2       0x000071cc      0x81c load address 0x0053fff0
 .ovlysec2      0x000071cc      0x81c .\libandessta.a(chip_init.o)
                0x000071cc                MACRegTable
                0x00007934                MT7681_RF_VGA_RegTb
                0x000072fc                MT7681_MACRegTable
                0x00007880                MT7681_RF_Channel_RegTb
                0x000077fc                MT7681_RF_Central_RegTb
                0x0000734c                MT7681_BBP_InitRegTb
                0x0000732c                BBPRegTable
                0x0053fff0                PROVIDE (__load_start_ovlysec2, LOADADDR (.ovlysec2))
                0x0054080c                PROVIDE (__load_stop_ovlysec2, (LOADADDR (.ovlysec2) + SIZEOF (.ovlysec2)))

.ovlysec3       0x000071cc      0x480 load address 0x0054080c
 .ovlysec3      0x000071cc      0x480 .\libandessta.a(scan.o)
                0x000071cc                PeerBeaconAndProbeRspSanity
                0x0054080c                PROVIDE (__load_start_ovlysec3, LOADADDR (.ovlysec3))
                0x00540c8c                PROVIDE (__load_stop_ovlysec3, (LOADADDR (.ovlysec3) + SIZEOF (.ovlysec3)))

.ovlysec4       0x000071cc      0x460 load address 0x00540c8c
 .ovlysec4      0x000071cc      0x460 .\libandessta.a(smtcn.o)
                0x000071cc                SMTCNRX_done
                0x000073dc                _SMTCNParsingMulticast
                0x00007254                _SMTCNGetInfo
                0x00540c8c                PROVIDE (__load_start_ovlysec4, LOADADDR (.ovlysec4))
                0x005410ec                PROVIDE (__load_stop_ovlysec4, (LOADADDR (.ovlysec4) + SIZEOF (.ovlysec4)))

.ovlysec5       0x000071cc      0x5f0 load address 0x005410ec
 .ovlysec5      0x000071cc      0x5f0 .\libandessta.a(assoc.o)
                0x00007504                _MlmeAssocReqAction
                0x00007404                _PeerAssocRspAction
                0x000071cc                PeerAssocRspSanity
                0x000073a8                _PeerDisassocAction
                0x005410ec                PROVIDE (__load_start_ovlysec5, LOADADDR (.ovlysec5))
                0x005416dc                PROVIDE (__load_stop_ovlysec5, (LOADADDR (.ovlysec5) + SIZEOF (.ovlysec5)))

.ovlysec6       0x000071cc      0x1c0 load address 0x005416dc
 .ovlysec6      0x000071cc      0x1c0 .\libandessta.a(auth.o)
                0x00007288                _AUTH_ReqSend
                0x000071cc                _MlmeAuthProcess
                0x005416dc                PROVIDE (__load_start_ovlysec6, LOADADDR (.ovlysec6))
                0x0054189c                PROVIDE (__load_stop_ovlysec6, (LOADADDR (.ovlysec6) + SIZEOF (.ovlysec6)))

.ovlysec7       0x000071cc      0xe18 load address 0x0054189c
 .ovlysec7      0x000071cc      0xe18 .\libandessta.a(cmm_wpa.o)
                0x00007330                _CalculateMIC
                0x000075c0                _ConstructEapolMsg
                0x000074d4                _WpaDeriveGTK
                0x00007818                _WpaDerivePTK
                0x00007d60                _PeerPairMsg3Action
                0x000079a8                _PeerWpaMessageSanity
                0x00007c44                _PeerGroupMsg1Action
                0x000071cc                _RTMPParseEapolKeyData
                0x00007e90                _PeerPairMsg1Action
                0x00007404                _ConstructEapolKeyData
                0x0054189c                PROVIDE (__load_start_ovlysec7, LOADADDR (.ovlysec7))
                0x005426b4                PROVIDE (__load_stop_ovlysec7, (LOADADDR (.ovlysec7) + SIZEOF (.ovlysec7)))

.ovlysec8       0x000081bc      0x470 load address 0x005426b4
 .ovlysec8      0x000081bc      0x470 .\libandessta.a(scan.o)
                0x000081bc                _PeerBeaconAtScanAction
                0x005426b4                PROVIDE (__load_start_ovlysec8, LOADADDR (.ovlysec8))
                0x00542b24                PROVIDE (__load_stop_ovlysec8, (LOADADDR (.ovlysec8) + SIZEOF (.ovlysec8)))

.ovlysec9       0x000081bc      0x170 load address 0x00542b24
 .ovlysec9      0x000081bc      0x170 obj/sta/tcpip/tcpip_main.o
                0x000081bc                _tcpip_init
                0x00542b24                PROVIDE (__load_start_ovlysec9, LOADADDR (.ovlysec9))
                0x00542c94                PROVIDE (__load_stop_ovlysec9, (LOADADDR (.ovlysec9) + SIZEOF (.ovlysec9)))

.ovlysec10      0x000081bc      0x214 load address 0x00542c94
 .ovlysec10     0x000081bc      0x214 obj/sta/tcpip/dhcpc.o
                0x000081bc                _handle_dhcp
                0x00542c94                PROVIDE (__load_start_ovlysec10, LOADADDR (.ovlysec10))
                0x00542ea8                PROVIDE (__load_stop_ovlysec10, (LOADADDR (.ovlysec10) + SIZEOF (.ovlysec10)))

.ovlysec11      0x000081bc      0x19c load address 0x00542ea8
 .ovlysec11     0x000081bc      0x19c .\libandessta.a(chip_init.o)
                0x0000822c                wait_bbp_rf_wakeup
                0x00008268                NICInitMT7681BbpRegisters
                0x000082cc                NICInitMT7681RFRegisters
                0x000081bc                NICInitMT7681MacRegisters
                0x00542ea8                PROVIDE (__load_start_ovlysec11, LOADADDR (.ovlysec11))
                0x00543044                PROVIDE (__load_stop_ovlysec11, (LOADADDR (.ovlysec11) + SIZEOF (.ovlysec11)))

.ovlysec12      0x000081bc      0x590 load address 0x00543044
 .ovlysec12     0x000081bc      0x590 .\libandessta.a(wifi_ps.o)
                0x000081bc                PMU_Ctrl
                0x00543044                PROVIDE (__load_start_ovlysec12, LOADADDR (.ovlysec12))
                0x005435d4                PROVIDE (__load_stop_ovlysec12, (LOADADDR (.ovlysec12) + SIZEOF (.ovlysec12)))
                0x0000874c                . = ALIGN (0x4)

.nds32.ovly.tbl
                0x0000874c       0xf0
                0x0000874c                _ovly_table = .
                0x0000874c        0x4 LONG 0x71cc ABSOLUTE (ADDR (.ovlysec0))
                0x00008750        0x4 LONG 0xff0 SIZEOF (.ovlysec0)
                0x00008754        0x4 LONG 0x53f000 ABSOLUTE (LOADADDR (.ovlysec0))
                0x00008758        0x4 LONG 0x0
                0x0000875c        0x4 LONG 0x71cc ABSOLUTE (ADDR (.ovlysec1))
                0x00008760        0x4 LONG 0x0 SIZEOF (.ovlysec1)
                0x00008764        0x4 LONG 0x53fff0 ABSOLUTE (LOADADDR (.ovlysec1))
                0x00008768        0x4 LONG 0x0
                0x0000876c        0x4 LONG 0x71cc ABSOLUTE (ADDR (.ovlysec2))
                0x00008770        0x4 LONG 0x81c SIZEOF (.ovlysec2)
                0x00008774        0x4 LONG 0x53fff0 ABSOLUTE (LOADADDR (.ovlysec2))
                0x00008778        0x4 LONG 0x0
                0x0000877c        0x4 LONG 0x71cc ABSOLUTE (ADDR (.ovlysec3))
                0x00008780        0x4 LONG 0x480 SIZEOF (.ovlysec3)
                0x00008784        0x4 LONG 0x54080c ABSOLUTE (LOADADDR (.ovlysec3))
                0x00008788        0x4 LONG 0x0
                0x0000878c        0x4 LONG 0x71cc ABSOLUTE (ADDR (.ovlysec4))
                0x00008790        0x4 LONG 0x460 SIZEOF (.ovlysec4)
                0x00008794        0x4 LONG 0x540c8c ABSOLUTE (LOADADDR (.ovlysec4))
                0x00008798        0x4 LONG 0x0
                0x0000879c        0x4 LONG 0x71cc ABSOLUTE (ADDR (.ovlysec5))
                0x000087a0        0x4 LONG 0x5f0 SIZEOF (.ovlysec5)
                0x000087a4        0x4 LONG 0x5410ec ABSOLUTE (LOADADDR (.ovlysec5))
                0x000087a8        0x4 LONG 0x0
                0x000087ac        0x4 LONG 0x71cc ABSOLUTE (ADDR (.ovlysec6))
                0x000087b0        0x4 LONG 0x1c0 SIZEOF (.ovlysec6)
                0x000087b4        0x4 LONG 0x5416dc ABSOLUTE (LOADADDR (.ovlysec6))
                0x000087b8        0x4 LONG 0x0
                0x000087bc        0x4 LONG 0x71cc ABSOLUTE (ADDR (.ovlysec7))
                0x000087c0        0x4 LONG 0xe18 SIZEOF (.ovlysec7)
                0x000087c4        0x4 LONG 0x54189c ABSOLUTE (LOADADDR (.ovlysec7))
                0x000087c8        0x4 LONG 0x0
                0x000087cc        0x4 LONG 0x81bc ABSOLUTE (ADDR (.ovlysec8))
                0x000087d0        0x4 LONG 0x470 SIZEOF (.ovlysec8)
                0x000087d4        0x4 LONG 0x5426b4 ABSOLUTE (LOADADDR (.ovlysec8))
                0x000087d8        0x4 LONG 0x1
                0x000087dc        0x4 LONG 0x81bc ABSOLUTE (ADDR (.ovlysec9))
                0x000087e0        0x4 LONG 0x170 SIZEOF (.ovlysec9)
                0x000087e4        0x4 LONG 0x542b24 ABSOLUTE (LOADADDR (.ovlysec9))
                0x000087e8        0x4 LONG 0x1
                0x000087ec        0x4 LONG 0x81bc ABSOLUTE (ADDR (.ovlysec10))
                0x000087f0        0x4 LONG 0x214 SIZEOF (.ovlysec10)
                0x000087f4        0x4 LONG 0x542c94 ABSOLUTE (LOADADDR (.ovlysec10))
                0x000087f8        0x4 LONG 0x1
                0x000087fc        0x4 LONG 0x81bc ABSOLUTE (ADDR (.ovlysec11))
                0x00008800        0x4 LONG 0x19c SIZEOF (.ovlysec11)
                0x00008804        0x4 LONG 0x542ea8 ABSOLUTE (LOADADDR (.ovlysec11))
                0x00008808        0x4 LONG 0x1
                0x0000880c        0x4 LONG 0x81bc ABSOLUTE (ADDR (.ovlysec12))
                0x00008810        0x4 LONG 0x590 SIZEOF (.ovlysec12)
                0x00008814        0x4 LONG 0x543044 ABSOLUTE (LOADADDR (.ovlysec12))
                0x00008818        0x4 LONG 0x1
                0x0000881c                _novlys = .
                0x0000881c        0x4 LONG 0xd ((_novlys - _ovly_table) / 0x10)
                0x00008820                . = ALIGN (0x8)
                0x00008820                _ovly_ram_table = .
                0x00008820        0x4 LONG 0x0
                0x00008824        0x4 LONG 0xffffffff
                0x00008828        0x4 LONG 0x0
                0x0000882c        0x4 LONG 0x1
                0x00008830        0x4 LONG 0xffffffff
                0x00008834        0x4 LONG 0x0
                0x00008838                _novlyr = .
                0x00008838        0x4 LONG 0x2 ((_novlyr - _ovly_ram_table) / 0xc)
                0x00008840                . = ALIGN (0x10)
                0x00008840                BSS_SECT_VMA = .

.BSS            0x00008840     0x4900
                0x00008840                PROVIDE (_BSS_START, .)
 *(.sbss)
 *(.sbss.*)
 *(.scommon)
 *(.scommon.*)
 *(.sbss_w)
 .sbss_w        0x00008840        0x4 obj/sta/main_pub.o
                0x00008840                __OS_Heap_Start
 .sbss_w        0x00008844       0x14 obj/sta/tcpip/uip.o
                0x00008854                uip_sappdata
                0x00008844                uip_udp_conn
                0x00008848                uip_appdata
                0x00008850                uip_conn
                0x0000884c                uip_urgdata
 .sbss_w        0x00008858        0x8 obj/sta/wifi_task_pub.o
                0x00008858                pIoTMlme
                0x0000885c                pIoTStaCfg
 *(.sbss_w.*)
 *(.sbss_h)
 .sbss_h        0x00008860        0xa obj/sta/tcpip/uip.o
                0x00008860                uip_len
                0x00008868                ipid
                0x00008864                uip_surglen
                0x00008862                uip_urglen
                0x00008866                uip_slen
 .sbss_h        0x0000886a        0x4 obj/sta/tcpip/webclient.o
                0x0000886c                http_cloudClientPort
                0x0000886a                http_clientPort
 *(.sbss_h.*)
 *(.sbss_b)
 .sbss_b        0x0000886e        0x1 obj/sta/tcpip/uip.o
                0x0000886e                uip_flags
 *(.sbss_b.*)
                0x00008870                . = ALIGN (0x10)
 *fill*         0x0000886f        0x1 00000000
 *(.bss)
 *(.bss.*)
 .bss.optarg    0x00008870        0x4 obj/sta/iot_at_cmd_utility.o
                0x00008870                optarg
 .bss.pIndexPosition.1161
                0x00008874        0x4 obj/sta/iot_at_cmd_utility.o
 .bss.UART_TX_POLL_ENABLE
                0x00008878        0x1 obj/sta/iot_custom.o
                0x00008878                UART_TX_POLL_ENABLE
 .bss.gCaliFrEfuse
                0x00008879        0x1 obj/sta/iot_custom.o
                0x00008879                gCaliFrEfuse
 .bss.preSeq    0x0000887a        0x2 obj/sta/iot_parse.o
                0x0000887a                preSeq
 .bss.appLen    0x0000887c        0x2 obj/sta/iot_parse.o
                0x0000887c                appLen
 *fill*         0x0000887e        0x2 00000000
 .bss.mt7681_HardwareStatus
                0x00008880        0x8 obj/sta/iot_parse.o
                0x00008880                mt7681_HardwareStatus
 .bss.IWMatchNum.3093
                0x00008888        0x1 obj/sta/iot_uart_rb.o
 .bss.ATMatchNum.3092
                0x00008889        0x1 obj/sta/iot_uart_rb.o
 *fill*         0x0000888a        0x2 00000000
 .bss.gCPULowClok
                0x0000888c        0x4 obj/sta/misc_pub.o
                0x0000888c                gCPULowClok
 .bss.productID
                0x00008890       0x10 obj/sta/tcpip/cloudclient.o
                0x00008890                productID
 .bss.productKey
                0x000088a0       0x10 obj/sta/tcpip/cloudclient.o
                0x000088a0                productKey
 .bss.FOTA_AES_CBC_IV
                0x000088b0       0x10 obj/sta/tcpip/cloudclient.o
                0x000088b0                FOTA_AES_CBC_IV
 .bss.mt76xx_cloudClientState
                0x000088c0        0x2 obj/sta/tcpip/cloudclient.o
                0x000088c0                mt76xx_cloudClientState
 .bss.TCP_cloudClientPort
                0x000088c2        0x2 obj/sta/tcpip/cloudclient.o
                0x000088c2                TCP_cloudClientPort
 .bss.keepAliveTimeCnt
                0x000088c4        0x2 obj/sta/tcpip/cloudclient.o
                0x000088c4                keepAliveTimeCnt
 .bss.keepAliveResTimeOut
                0x000088c6        0x2 obj/sta/tcpip/cloudclient.o
                0x000088c6                keepAliveResTimeOut
 .bss.keepAliveRepeatCnt
                0x000088c8        0x2 obj/sta/tcpip/cloudclient.o
                0x000088c8                keepAliveRepeatCnt
 .bss.TcpConnectTimeCnt
                0x000088ca        0x2 obj/sta/tcpip/cloudclient.o
                0x000088ca                TcpConnectTimeCnt
 .bss.FOTAUpdateTimeCnt
                0x000088cc        0x2 obj/sta/tcpip/cloudclient.o
                0x000088cc                FOTAUpdateTimeCnt
 *fill*         0x000088ce        0x2 00000000
 .bss.encryptBuf
                0x000088d0       0x80 obj/sta/tcpip/cloudclient.o
                0x000088d0                encryptBuf
 .bss.addr.3331
                0x00008950        0x4 obj/sta/tcpip/cloudclient.o
 .bss.lease_time_flag
                0x00008954        0x4 obj/sta/tcpip/dhcpc.o
 .bss.s         0x00008958       0x3c obj/sta/tcpip/dhcpc.o
 .bss.i.3080    0x00008994        0x1 obj/sta/tcpip/resolv.o
 .bss.lseqi.3051
                0x00008995        0x1 obj/sta/tcpip/resolv.o
 .bss.lseq.3050
                0x00008996        0x1 obj/sta/tcpip/resolv.o
 .bss.i.3049    0x00008997        0x1 obj/sta/tcpip/resolv.o
 .bss.names     0x00008998       0x2c obj/sta/tcpip/resolv.o
 .bss.seqno     0x000089c4        0x1 obj/sta/tcpip/resolv.o
 *fill*         0x000089c5        0x3 00000000
 .bss.iss       0x000089c8        0x4 obj/sta/tcpip/uip.o
 .bss.lastport  0x000089cc        0x2 obj/sta/tcpip/uip.o
 .bss.c         0x000089ce        0x1 obj/sta/tcpip/uip.o
 .bss.opt       0x000089cf        0x1 obj/sta/tcpip/uip.o
 .bss.tmp16     0x000089d0        0x2 obj/sta/tcpip/uip.o
 *fill*         0x000089d2        0x2 00000000
 .bss.arp_table
                0x000089d4       0x60 obj/sta/tcpip/uip_arp.o
 .bss.ipaddr    0x00008a34        0x4 obj/sta/tcpip/uip_arp.o
 .bss.i         0x00008a38        0x1 obj/sta/tcpip/uip_arp.o
 .bss.c         0x00008a39        0x1 obj/sta/tcpip/uip_arp.o
 .bss.arptime   0x00008a3a        0x1 obj/sta/tcpip/uip_arp.o
 .bss.tmpage    0x00008a3b        0x1 obj/sta/tcpip/uip_arp.o
 .bss.i.3156    0x00008a3c        0x1 obj/sta/tcpip/webclient.o
 .bss.c.3136    0x00008a3d        0x1 obj/sta/tcpip/webclient.o
 *fill*         0x00008a3e        0x2 00000000
 .bss.addr.3013
                0x00008a40        0x4 obj/sta/tcpip/webclient.o
 .bss.s         0x00008a44      0x1bc obj/sta/tcpip/webclient.o
 .bss.gSmnted   0x00008c00        0x1 obj/sta/wifi_task_pub.o
                0x00008c00                gSmnted
 *fill*         0x00008c01        0x3 00000000
 .bss.PreTime.2939
                0x00008c04        0x4 obj/sta/wifi_task_pub.o
 .bss.BufMem1   0x00008c08     0x18d8 .\libandessta.a(queue.o)
 .bss.BufMem2   0x0000a4e0      0x848 .\libandessta.a(queue.o)
 .bss.BufDesc1  0x0000ad28       0x90 .\libandessta.a(queue.o)
 .bss.BufDesc2  0x0000adb8       0x30 .\libandessta.a(queue.o)
 .bss.gSequence
                0x0000ade8        0x2 .\libandessta.a(rtmp_data.o)
                0x0000ade8                gSequence
 .bss.MgtFrameSeq
                0x0000adea        0x1 .\libandessta.a(rtmp_general.o)
                0x0000adea                MgtFrameSeq
 *fill*         0x0000adeb        0x1 00000000
 .bss.pfsm      0x0000adec      0x128 .\libandessta.a(smtcn.o)
 .bss.FceIntHdlr
                0x0000af14       0x80 .\libandessta.a(fce.o)
 .bss.jiffies   0x0000af94        0x4 .\libandessta.a(timer.o)
                0x0000af94                jiffies
 .bss.Timers_List
                0x0000af98        0x4 .\libandessta.a(timer.o)
                0x0000af98                Timers_List
 .bss.Timer_Start
                0x0000af9c        0x4 .\libandessta.a(timer.o)
                0x0000af9c                Timer_Start
 .bss.last_start_time
                0x0000afa0        0x4 .\libandessta.a(timer.o)
                0x0000afa0                last_start_time
 .bss.McuCtlIntHdlr
                0x0000afa4       0x80 .\libandessta.a(mcuctl.o)
 .bss.SsidIe    0x0000b024        0x1 .\libandessta.a(mt7681_ChSw.o)
                0x0000b024                SsidIe
 *fill*         0x0000b025        0x3 00000000
 .bss.PreTime.5885
                0x0000b028        0x4 .\libandessta.a(mt7681_ChSw.o)
 .bss.PreBW.5749
                0x0000b02c        0x1 .\libandessta.a(mt7681_ChSw.o)
 .bss.RF_ABB_R6_R7_IN_BW20
                0x0000b02d        0x1 .\libandessta.a(mt7681_ChSw.o)
 .bss.RF_ABB_R58_R59_IN_BW20
                0x0000b02e        0x1 .\libandessta.a(mt7681_ChSw.o)
 .bss.RF_ABB_R6_R7_IN_BW40
                0x0000b02f        0x1 .\libandessta.a(mt7681_ChSw.o)
 .bss.RF_ABB_R58_R59_IN_BW40
                0x0000b030        0x1 .\libandessta.a(mt7681_ChSw.o)
 *fill*         0x0000b031        0x3 00000000
 .bss.PARAM_Info
                0x0000b034        0x4 .\libandessta.a(mt7681_ChSw.o)
 .bss.TxPWR     0x0000b038        0x4 .\libandessta.a(mt7681_ChSw.o)
 .bss.LNAGain   0x0000b03c        0x4 .\libandessta.a(mt7681_ChSw.o)
 .bss.wakeup_from_grant
                0x0000b040        0x1 .\libandessta.a(wifi_ps.o)
                0x0000b040                wakeup_from_grant
 .bss.gPmuINT   0x0000b041        0x1 .\libandessta.a(wifi_ps.o)
                0x0000b041                gPmuINT
 .bss.gPmuAbort
                0x0000b042        0x1 .\libandessta.a(wifi_ps.o)
                0x0000b042                gPmuAbort
 *(COMMON)
 *fill*         0x0000b043        0x1 00000000
 COMMON         0x0000b044      0x1c8 obj/sta/iot_custom.o
                0x0000b044                IoTCustOp
                0x0000b064                IoTCustTimer
                0x0000b080                IoTpAd
 COMMON         0x0000b20c      0x448 obj/sta/iot_uart_rb.o
                0x0000b20c                uart_rb_info
                0x0000b218                UARTPort
                0x0000b330                UARTTxBuf
                0x0000b370                uart_rb_addr
                0x0000b454                UARTRxBuf
 *fill*         0x0000b654        0x4 00000000
 COMMON         0x0000b658       0xf8 obj/sta/tcpip/cloudclient.o
                0x0000b658                MT7681_FOTAInfo
                0x0000b6c0                mt76xx_Connection
                0x0000b6dc                FOTA_DigestMessage
                0x0000b6f0                FOTA_md5_ctx
 COMMON         0x0000b750       0x88 obj/sta/tcpip/iot_tcp_app.o
                0x0000b750                mt76xx_Activation
 COMMON         0x0000b7d8       0x18 obj/sta/tcpip/tcpip_main.o
                0x0000b7d8                arp_timer
                0x0000b7e0                periodic_timer
                0x0000b7e8                cli_timer
 COMMON         0x0000b7f0     0x1238 obj/sta/tcpip/uip.o
                0x0000b7f0                uip_acc32
                0x0000b7f4                uip_conns
                0x0000c70c                uip_listenports
                0x0000c718                uip_draddr
                0x0000c71c                uip_netmask
                0x0000c720                uip_hostaddr
                0x0000c724                uip_buf
                0x0000c980                uip_udp_conns
 COMMON         0x0000ca28        0x6 obj/sta/tcpip/uip_arp.o
                0x0000ca28                uip_sourceAddr
 *fill*         0x0000ca2e        0x2 00000000
 COMMON         0x0000ca30       0x14 .\libandessta.a(cnm_timer.o)
                0x0000ca30                rRootTimer
 COMMON         0x0000ca44       0x5a .\libandessta.a(iot_io_cmd.o)
                0x0000ca44                mt7681_PWMInfo
 *fill*         0x0000ca9e        0x2 00000000
 COMMON         0x0000caa0       0x20 .\libandessta.a(queue.o)
                0x0000caa0                gFreeQueue1
                0x0000cab0                gFreeQueue2
 COMMON         0x0000cac0      0x5e4 .\libandessta.a(app_nos_main.o)
                0x0000cac0                pAd
 COMMON         0x0000d0a4       0x41 .\libandessta.a(chip_init.o)
                0x0000d0a4                eepcfg
 *fill*         0x0000d0e5        0x3 00000000
 COMMON         0x0000d0e8       0x24 .\libandessta.a(timer.o)
                0x0000d0e8                System_Timer_Pool
                0x0000d0fc                Free_Timer_List
 COMMON         0x0000d10c       0x34 .\libandessta.a(task.o)
                0x0000d10c                sysTaskingCtl
                0x0000d140                . = ALIGN (0x4)
                0x0000d140                PROVIDE (_BSS_END, .)
                0x0000d140                __ilm_end = .
                0x0000d140                . = ALIGN (0x20)
                0x0000d140                _end = .
                0x0000d140                PROVIDE (_MEMORY_TOP, .)

.stab
 *(.stab)

.stabstr
 *(.stabstr)

.stab.excl
 *(.stab.excl)

.stab.exclstr
 *(.stab.exclstr)

.stab.index
 *(.stab.index)

.stab.indexstr
 *(.stab.indexstr)

.comment        0x00000000      0x8fc
 *(.comment)
 .comment       0x00000000       0x19 obj/sta/ap_pub.o
 .comment       0x00000019       0x19 obj/sta/crypt_crc.o
 .comment       0x00000032       0x19 obj/sta/iot_aes_pub.o
 .comment       0x0000004b       0x19 obj/sta/iot_at_cmd.o
 .comment       0x00000064       0x19 obj/sta/iot_at_cmd_tcpip.o
 .comment       0x0000007d       0x19 obj/sta/iot_at_cmd_utility.o
 .comment       0x00000096       0x19 obj/sta/iot_custom.o
 .comment       0x000000af       0x19 obj/sta/iot_custom_uart2wifi.o
 .comment       0x000000c8       0x19 obj/sta/iot_parse.o
 .comment       0x000000e1       0x19 obj/sta/iot_parse_conn_mgmt.o
 .comment       0x000000fa       0x19 obj/sta/iot_uart_rb.o
 .comment       0x00000113       0x19 obj/sta/iot_uplink.o
 .comment       0x0000012c       0x19 obj/sta/iot_xmodem.o
 .comment       0x00000145       0x19 obj/sta/main_pub.o
 .comment       0x0000015e       0x19 obj/sta/misc_pub.o
 .comment       0x00000177       0x19 obj/sta/mt7681_ChSw_pub.o
 .comment       0x00000190       0x19 obj/sta/printf.o
 .comment       0x000001a9       0x19 obj/sta/rtmp_data_pub.o
 .comment       0x000001c2       0x19 obj/sta/spi-flash_pub.o
 .comment       0x000001db       0x19 obj/sta/stdlib.o
 .comment       0x000001f4       0x19 obj/sta/tcpip/clock-arch.o
 .comment       0x0000020d       0x19 obj/sta/tcpip/cloudclient.o
 .comment       0x00000226       0x19 obj/sta/tcpip/dhcpc.o
 .comment       0x0000023f       0x19 obj/sta/tcpip/dhcpd.o
 .comment       0x00000258       0x19 obj/sta/tcpip/iot_tcp_app.o
 .comment       0x00000271       0x19 obj/sta/tcpip/iot_tcpip_interface.o
 .comment       0x0000028a       0x19 obj/sta/tcpip/iot_udp_app.o
 .comment       0x000002a3       0x19 obj/sta/tcpip/memb.o
 .comment       0x000002bc       0x19 obj/sta/tcpip/mt76xx_dev.o
 .comment       0x000002d5       0x19 obj/sta/tcpip/resolv.o
 .comment       0x000002ee       0x19 obj/sta/tcpip/sample_resolv_usage.o
 .comment       0x00000307       0x19 obj/sta/tcpip/sample_udp_client.o
 .comment       0x00000320       0x19 obj/sta/tcpip/sample_udp_server.o
 .comment       0x00000339       0x19 obj/sta/tcpip/tcpip_main.o
 .comment       0x00000352       0x19 obj/sta/tcpip/uip-fw.o
 .comment       0x0000036b       0x19 obj/sta/tcpip/uip-neighbor.o
 .comment       0x00000384       0x19 obj/sta/tcpip/uip-split.o
 .comment       0x0000039d       0x19 obj/sta/tcpip/uip.o
 .comment       0x000003b6       0x19 obj/sta/tcpip/uip_arp.o
 .comment       0x000003cf       0x19 obj/sta/tcpip/uip_timer.o
 .comment       0x000003e8       0x19 obj/sta/tcpip/uiplib.o
 .comment       0x00000401       0x19 obj/sta/tcpip/webclient-strings.o
 .comment       0x0000041a       0x19 obj/sta/tcpip/webclient.o
 .comment       0x00000433       0x19 obj/sta/wifi_task_pub.o
 .comment       0x0000044c       0x19 .\libandessta.a(xip_ovly.o)
 .comment       0x00000465       0x19 .\libandessta.a(cnm_timer.o)
 .comment       0x0000047e       0x19 .\libandessta.a(iot_io_cmd.o)
 .comment       0x00000497       0x19 .\libandessta.a(iot_mgmt_cmd.o)
 .comment       0x000004b0       0x19 .\libandessta.a(queue.o)
 .comment       0x000004c9       0x19 .\libandessta.a(app_nos_main.o)
 .comment       0x000004e2       0x19 .\libandessta.a(assoc.o)
 .comment       0x000004fb       0x19 .\libandessta.a(auth.o)
 .comment       0x00000514       0x19 .\libandessta.a(chip_init.o)
 .comment       0x0000052d       0x19 .\libandessta.a(cmm_wpa.o)
 .comment       0x00000546       0x19 .\libandessta.a(crypt_aes.o)
 .comment       0x0000055f       0x19 .\libandessta.a(crypt_hmac.o)
 .comment       0x00000578       0x19 .\libandessta.a(rtmp_data.o)
 .comment       0x00000591       0x19 .\libandessta.a(rtmp_general.o)
 .comment       0x000005aa       0x19 .\libandessta.a(scan.o)
 .comment       0x000005c3       0x19 .\libandessta.a(smtcn.o)
 .comment       0x000005dc       0x19 .\libandessta.a(wow.o)
 .comment       0x000005f5       0x19 .\libandessta.a(bsp.o)
 .comment       0x0000060e       0x19 .\libandessta.a(ee_efuse.o)
 .comment       0x00000627       0x19 .\libandessta.a(fce.o)
 .comment       0x00000640       0x19 .\libandessta.a(pdma.o)
 .comment       0x00000659       0x19 .\libandessta.a(spi-flash.o)
 .comment       0x00000672       0x19 .\libandessta.a(timer.o)
 .comment       0x0000068b       0x19 .\libandessta.a(uart.o)
 .comment       0x000006a4       0x19 .\libandessta.a(uartlite.o)
 .comment       0x000006bd       0x19 .\libandessta.a(main.o)
 .comment       0x000006d6       0x19 .\libandessta.a(xcpt.o)
 .comment       0x000006ef       0x19 .\libandessta.a(initial.o)